// Jest Snapshot v1, https://goo.gl/fbAQLP

exports[`components/grievances/GrievancesDashboard/TicketsByCategorySection should render 1`] = `
<div>
  <div
    class="MuiPaper-root MuiPaper-elevation MuiPaper-rounded MuiPaper-elevation1 sc-beySPh iMtPUV css-1ps6pg7-MuiPaper-root"
  >
    <div
      class="MuiBox-root css-i3pbo"
    >
      Tickets by Category
    </div>
    <canvas
      class="chartjs-render-monitor"
      height="0"
      style="display: block; width: 0px; height: 0px;"
      width="0"
    />
  </div>
</div>
`;
