// Jest Snapshot v1, https://goo.gl/fbAQLP

exports[`components/paymentmodule/EditSetUpFsp/EditSetUpFspHeader should render 1`] = `
<div>
  <div
    class="sc-EHOje iaZfbD"
    data-cy="page-header-container"
  >
    <div
      class="sc-bZQynM ktisbs"
    >
      <div
        class="sc-gzVnrw eSbwlf"
      >
        <div>
          <div
            class="MuiBox-root MuiBox-root-1"
          >
            <div
              class="sc-VigVT djZJTH"
            >
              <h5
                class="MuiTypography-root MuiTypography-h5"
                data-cy="page-header-title"
              >
                Edit Set up FSP
              </h5>
            </div>
            <div
              class="MuiBox-root MuiBox-root-2"
            />
          </div>
        </div>
        <div
          class="sc-htoDjs jWUwCq"
        />
      </div>
    </div>
    <div
      class="sc-iwsKbI fVvfjI"
    />
  </div>
</div>
`;
