// Jest Snapshot v1, https://goo.gl/fbAQLP

exports[`components/paymentmodule/PaymentPlanDetails/AcceptanceProcess/MessageDialog should render 1`] = `
<div>
  <button
    class="MuiButtonBase-root MuiIconButton-root MuiIconButton-sizeSmall"
    tabindex="0"
    type="button"
  >
    <span
      class="MuiIconButton-label"
    >
      <div
        class="MuiBox-root MuiBox-root-1 sc-bZQynM gJDGjS"
      >
        <svg
          aria-hidden="true"
          class="MuiSvgIcon-root MuiSvgIcon-fontSizeInherit"
          focusable="false"
          viewBox="0 0 24 24"
        >
          <path
            d="M20 2H4c-1.1 0-1.99.9-1.99 2L2 22l4-4h14c1.1 0 2-.9 2-2V4c0-1.1-.9-2-2-2zm-2 12H6v-2h12v2zm0-3H6V9h12v2zm0-3H6V6h12v2z"
          />
        </svg>
      </div>
    </span>
    <span
      class="MuiTouchRipple-root"
    />
  </button>
</div>
`;
