// Jest Snapshot v1, https://goo.gl/fbAQLP

exports[`components/paymentmodule/PaymentPlanDetails/FspSection should render Edit FSP 1`] = `
<div>
  <div
    class="MuiBox-root css-zwiamn"
  >
    <div
      class="MuiPaper-root MuiPaper-elevation MuiPaper-rounded MuiPaper-elevation1 sc-blHHSb kPa-dfK css-1ps6pg7-MuiPaper-root"
    >
      <div
        class="MuiBox-root css-tdpf08"
      >
        <h6
          class="MuiTypography-root MuiTypography-h6 css-1j53xw6-MuiTypography-root"
        >
          FSPs
        </h6>
        <a
          class="MuiButtonBase-root MuiButton-root MuiButton-contained MuiButton-containedPrimary MuiButton-sizeMedium MuiButton-containedSizeMedium MuiButton-colorPrimary MuiButton-root MuiButton-contained MuiButton-containedPrimary MuiButton-sizeMedium MuiButton-containedSizeMedium MuiButton-colorPrimary css-dl1jos-MuiButtonBase-root-MuiButton-root"
          href="/afghanistan/programs/UHJvZ3JhbU5vZGU6NmI1OTE1OTktYmNhNy00NDVhLWJmZjItYWU5MTUyMjMxZGFm/payment-module/payment-plans/undefined/setup-fsp/edit"
          tabindex="0"
        >
          Edit FSP
          <span
            class="MuiTouchRipple-root css-8je8zh-MuiTouchRipple-root"
          />
        </a>
      </div>
      <div
        class="MuiGrid-root MuiGrid-container MuiGrid-spacing-xs-3 css-acctgf-MuiGrid-root"
      >
        <div
          class="MuiGrid-root MuiGrid-item MuiGrid-grid-xs-3 css-1equabv-MuiGrid-root"
        >
          <div>
            <span
              class="sc-fAUdSK goVbUg"
              color="textSecondary"
            >
              Cash
            </span>
            <div
              data-cy="label-Cash"
            >
              <span
                class="sc-dntaoT dIDHTF"
                color="textSecondary"
              >
                Miranda Ltd
              </span>
            </div>
          </div>
        </div>
        <div
          class="MuiGrid-root MuiGrid-item MuiGrid-grid-xs-3 css-1equabv-MuiGrid-root"
        >
          <div>
            <span
              class="sc-fAUdSK goVbUg"
              color="textSecondary"
            >
              In Kind
            </span>
            <div
              data-cy="label-In Kind"
            >
              <span
                class="sc-dntaoT dIDHTF"
                color="textSecondary"
              >
                Frazier-Watson
              </span>
            </div>
          </div>
        </div>
        <div
          class="MuiGrid-root MuiGrid-item MuiGrid-grid-xs-3 css-1equabv-MuiGrid-root"
        >
          <div>
            <span
              class="sc-fAUdSK goVbUg"
              color="textSecondary"
            >
              Transfer
            </span>
            <div
              data-cy="label-Transfer"
            >
              <span
                class="sc-dntaoT dIDHTF"
                color="textSecondary"
              >
                Bray Group
              </span>
            </div>
          </div>
        </div>
      </div>
      <div
        class="sc-gtLWhw VFxTS"
      >
        <div
          class="sc-egkSDF cYYMIc"
        />
      </div>
      <div
        class="MuiBox-root css-j7qwjs"
      >
        <div
          class="sc-ghWlax bzkNxN"
        >
          <h6
            class="MuiTypography-root MuiTypography-h6 css-1j53xw6-MuiTypography-root"
          >
            Volume by Delivery Mechanism
          </h6>
           
        </div>
        <div
          class="sc-kLhKbu iAQbEA"
        >
          <div
            class="MuiGrid-root MuiGrid-container css-1bzpx2o-MuiGrid-root"
          >
            <div
              class="MuiGrid-root MuiGrid-item MuiGrid-grid-xs-6 css-1osj8n2-MuiGrid-root"
            >
              <div
                class="sc-ivxoEo dPHKrZ"
                color="#D8E1EE"
              >
                <div>
                  <span
                    class="sc-fAUdSK goVbUg"
                    color="textSecondary"
                  >
                    Cash (Miranda Ltd)
                  </span>
                  <div
                    data-cy="label-Cash (Miranda Ltd)"
                  >
                    <span
                      class="sc-dntaoT dIDHTF"
                      color="textSecondary"
                    >
                      0 PLN (0 USD)
                    </span>
                  </div>
                </div>
              </div>
            </div>
            <div
              class="MuiGrid-root MuiGrid-item MuiGrid-grid-xs-6 css-1osj8n2-MuiGrid-root"
            >
              <div
                class="sc-ivxoEo bA-DRh"
                color=" #d8d8d8"
              >
                <div>
                  <span
                    class="sc-fAUdSK goVbUg"
                    color="textSecondary"
                  >
                    In Kind (Frazier-Watson)
                  </span>
                  <div
                    data-cy="label-In Kind (Frazier-Watson)"
                  >
                    <span
                      class="sc-dntaoT dIDHTF"
                      color="textSecondary"
                    >
                      0 PLN (0 USD)
                    </span>
                  </div>
                </div>
              </div>
            </div>
            <div
              class="MuiGrid-root MuiGrid-item MuiGrid-grid-xs-6 css-1osj8n2-MuiGrid-root"
            >
              <div
                class="sc-ivxoEo eiTvYj"
                color="#003C8F"
              >
                <div>
                  <span
                    class="sc-fAUdSK goVbUg"
                    color="textSecondary"
                  >
                    Transfer (Bray Group)
                  </span>
                  <div
                    data-cy="label-Transfer (Bray Group)"
                  >
                    <span
                      class="sc-dntaoT dIDHTF"
                      color="textSecondary"
                    >
                      0 PLN (0 USD)
                    </span>
                  </div>
                </div>
              </div>
            </div>
          </div>
          <div
            class="MuiGrid-root MuiGrid-container css-1e2bu2o-MuiGrid-root"
          >
            <div
              class="MuiGrid-root MuiGrid-item MuiGrid-grid-xs-4 css-gj1fbr-MuiGrid-root"
            >
              <div
                class="sc-ixGGxD cHDLrf"
              >
                <canvas
                  height="0"
                  role="img"
                  style="display: block; box-sizing: border-box; height: 0px; width: 0px;"
                  width="0"
                />
              </div>
            </div>
          </div>
        </div>
      </div>
    </div>
  </div>
</div>
`;

exports[`components/paymentmodule/PaymentPlanDetails/FspSection should render Set Up FSP 1`] = `
<div>
  <div
    class="MuiBox-root css-zwiamn"
  >
    <div
      class="MuiPaper-root MuiPaper-elevation MuiPaper-rounded MuiPaper-elevation1 sc-blHHSb kPa-dfK css-1ps6pg7-MuiPaper-root"
    >
      <div
        class="MuiBox-root css-tdpf08"
      >
        <h6
          class="MuiTypography-root MuiTypography-h6 css-1j53xw6-MuiTypography-root"
        >
          FSPs
        </h6>
        <a
          class="MuiButtonBase-root MuiButton-root MuiButton-contained MuiButton-containedPrimary MuiButton-sizeMedium MuiButton-containedSizeMedium MuiButton-colorPrimary MuiButton-root MuiButton-contained MuiButton-containedPrimary MuiButton-sizeMedium MuiButton-containedSizeMedium MuiButton-colorPrimary css-dl1jos-MuiButtonBase-root-MuiButton-root"
          data-cy="button-set-up-fsp"
          href="/afghanistan/programs/UHJvZ3JhbU5vZGU6NmI1OTE1OTktYmNhNy00NDVhLWJmZjItYWU5MTUyMjMxZGFm/payment-module/payment-plans/undefined/setup-fsp/create"
          tabindex="0"
        >
          Set up FSP
          <span
            class="MuiTouchRipple-root css-8je8zh-MuiTouchRipple-root"
          />
        </a>
      </div>
    </div>
  </div>
</div>
`;
