// Jest Snapshot v1, https://goo.gl/fbAQLP

exports[`components/rdi/details/households/HouseholdDetails should render 1`] = `
<div>
  <div
    class="MuiPaper-root MuiPaper-elevation MuiPaper-rounded MuiPaper-elevation1 sc-FEMpB iyPpzz css-1gtchvp-MuiPaper-root"
    style="--Paper-shadow: 0px 2px 1px -1px rgba(0,0,0,0.2),0px 1px 1px 0px rgba(0,0,0,0.14),0px 1px 3px 0px rgba(0,0,0,0.12);"
  >
    <div
      class="sc-dycHyt hdYwyt"
    >
      <h6
        class="MuiTypography-root MuiTypography-h6 css-66ugg1-MuiTypography-root"
      >
        Details
      </h6>
    </div>
    <div
      class="sc-jbAkgO kxemOA"
    >
      <div
        class="MuiGrid2-root MuiGrid2-container MuiGrid2-direction-xs-row MuiGrid2-spacing-xs-6 css-ipzchf-MuiGrid2-root"
      >
        <div
          class="MuiGrid2-root MuiGrid2-direction-xs-row MuiGrid2-grid-xs-3 css-hxbzlh-MuiGrid2-root"
        >
          <div>
            <span
              class="sc-dVBluf hVLEEr"
              color="textSecondary"
            >
              Household Size
            </span>
            <div
              data-cy="label-Household Size"
            >
              <span
                class="sc-fLDLck SrdId"
                color="textSecondary"
              >
                4
              </span>
            </div>
          </div>
        </div>
        <div
          class="MuiGrid2-root MuiGrid2-direction-xs-row MuiGrid2-grid-xs-3 css-hxbzlh-MuiGrid2-root"
        >
          <div>
            <span
              class="sc-dVBluf hVLEEr"
              color="textSecondary"
            >
              Country
            </span>
            <div
              data-cy="label-Country"
            >
              -
            </div>
          </div>
        </div>
        <div
          class="MuiGrid2-root MuiGrid2-direction-xs-row MuiGrid2-grid-xs-3 css-hxbzlh-MuiGrid2-root"
        >
          <div>
            <span
              class="sc-dVBluf hVLEEr"
              color="textSecondary"
            >
              Residence Status
            </span>
            <div
              data-cy="label-Residence Status"
            >
              <span
                class="sc-fLDLck SrdId"
                color="textSecondary"
              >
                None
              </span>
            </div>
          </div>
        </div>
        <div
          class="MuiGrid2-root MuiGrid2-direction-xs-row MuiGrid2-grid-xs-3 css-hxbzlh-MuiGrid2-root"
        >
          <div>
            <span
              class="sc-dVBluf hVLEEr"
              color="textSecondary"
            >
              Country of Origin
            </span>
            <div
              data-cy="label-Country of Origin"
            >
              -
            </div>
          </div>
        </div>
        <div
          class="MuiGrid2-root MuiGrid2-direction-xs-row MuiGrid2-grid-xs-3 css-hxbzlh-MuiGrid2-root"
        >
          <div>
            <span
              class="sc-dVBluf hVLEEr"
              color="textSecondary"
            >
              Head of Household
            </span>
            <div
              data-cy="label-Head of Household"
            >
              <span
                class="sc-fLDLck SrdId"
                color="textSecondary"
              >
                <a
                  class="sc-gjcoXW bSsYbj"
                  href="/afghanistan/programs/UHJvZ3JhbU5vZGU6YzRkNTY1N2QtMWEyOS00NmUxLTgxOTAtZGY3Zjg1YTBkMmVm/registration-data-import/individual/SW5kaXZpZHVhbE5vZGU6Y2MwMDAwMDAtMDAwMC0wMDAwLTAwMDAtMDAwMDAwMDAwMDAx"
                >
                  Jan Kowalski
                </a>
              </span>
            </div>
          </div>
        </div>
        <div
          class="MuiGrid2-root MuiGrid2-direction-xs-row MuiGrid2-grid-xs-3 css-hxbzlh-MuiGrid2-root"
        >
          <div>
            <span
              class="sc-dVBluf hVLEEr"
              color="textSecondary"
            >
              FEMALE CHILD HEADED HOUSEHOLD
            </span>
            <div
              data-cy="label-FEMALE CHILD HEADED HOUSEHOLD"
            >
              <span
                class="sc-fLDLck SrdId"
                color="textSecondary"
              >
                No
              </span>
            </div>
          </div>
        </div>
        <div
          class="MuiGrid2-root MuiGrid2-direction-xs-row MuiGrid2-grid-xs-3 css-hxbzlh-MuiGrid2-root"
        >
          <div>
            <span
              class="sc-dVBluf hVLEEr"
              color="textSecondary"
            >
              CHILD HEADED HOUSEHOLD
            </span>
            <div
              data-cy="label-CHILD HEADED HOUSEHOLD"
            >
              <span
                class="sc-fLDLck SrdId"
                color="textSecondary"
              >
                No
              </span>
            </div>
          </div>
        </div>
        <div
          class="MuiGrid2-root MuiGrid2-direction-xs-row MuiGrid2-grid-xs-3 css-hxbzlh-MuiGrid2-root"
        >
          <div>
            <span
              class="sc-dVBluf hVLEEr"
              color="textSecondary"
            >
              ADMINISTRATIVE LEVEL 1
            </span>
            <div
              data-cy="label-ADMINISTRATIVE LEVEL 1"
            >
              -
            </div>
          </div>
        </div>
        <div
          class="MuiGrid2-root MuiGrid2-direction-xs-row MuiGrid2-grid-xs-3 css-hxbzlh-MuiGrid2-root"
        >
          <div>
            <span
              class="sc-dVBluf hVLEEr"
              color="textSecondary"
            >
              ADMINISTRATIVE LEVEL 2
            </span>
            <div
              data-cy="label-ADMINISTRATIVE LEVEL 2"
            >
              -
            </div>
          </div>
        </div>
        <div
          class="MuiGrid2-root MuiGrid2-direction-xs-row MuiGrid2-grid-xs-3 css-hxbzlh-MuiGrid2-root"
        >
          <div>
            <span
              class="sc-dVBluf hVLEEr"
              color="textSecondary"
            >
              Data Collecting Type
            </span>
            <div
              data-cy="label-Data Collecting Type"
            >
              <span
                class="sc-fLDLck SrdId"
                color="textSecondary"
              >
                data collecting type
              </span>
            </div>
          </div>
        </div>
      </div>
    </div>
  </div>
</div>
`;
