// Jest Snapshot v1, https://goo.gl/fbAQLP

exports[`components/population/HouseholdCompositionTable should render 1`] = `
<div>
  <div
    class="MuiPaper-root MuiPaper-elevation MuiPaper-rounded MuiPaper-elevation1 sc-egkSDF kFuXoH css-1ps6pg7-MuiPaper-root"
  >
    <div
      class="sc-blHHSb bWeSIj"
    >
      <h6
        class="MuiTypography-root MuiTypography-h6 css-1j53xw6-MuiTypography-root"
      >
        Household Composition
      </h6>
    </div>
    <table
      class="MuiTable-root css-b1kpk9-MuiTable-root"
    >
      <thead
        class="MuiTableHead-root css-15wwp11-MuiTableHead-root"
      >
        <tr
          class="MuiTableRow-root MuiTableRow-head css-n2dwpd-MuiTableRow-root"
        >
          <th
            class="MuiTableCell-root MuiTableCell-head MuiTableCell-alignLeft MuiTableCell-sizeMedium css-1ygcj2i-MuiTableCell-root"
            scope="col"
          >
            Age Group
          </th>
          <th
            class="MuiTableCell-root MuiTableCell-head MuiTableCell-alignLeft MuiTableCell-sizeMedium sc-gtLWhw bxhSlA css-1ygcj2i-MuiTableCell-root"
            scope="col"
          >
            Females
          </th>
          <th
            class="MuiTableCell-root MuiTableCell-head MuiTableCell-alignLeft MuiTableCell-sizeMedium sc-gtLWhw bxhSlA css-1ygcj2i-MuiTableCell-root"
            scope="col"
          >
            with disability
          </th>
          <th
            class="MuiTableCell-root MuiTableCell-head MuiTableCell-alignLeft MuiTableCell-sizeMedium sc-gtLWhw bxhSlA css-1ygcj2i-MuiTableCell-root"
            scope="col"
          >
            Pregnant
          </th>
          <th
            class="MuiTableCell-root MuiTableCell-head MuiTableCell-alignLeft MuiTableCell-sizeMedium css-1ygcj2i-MuiTableCell-root"
            scope="col"
          />
          <th
            class="MuiTableCell-root MuiTableCell-head MuiTableCell-alignLeft MuiTableCell-sizeMedium sc-gtLWhw bxhSlA css-1ygcj2i-MuiTableCell-root"
            scope="col"
          >
            Males
          </th>
          <th
            class="MuiTableCell-root MuiTableCell-head MuiTableCell-alignLeft MuiTableCell-sizeMedium sc-gtLWhw bxhSlA css-1ygcj2i-MuiTableCell-root"
            scope="col"
          >
            with disability
          </th>
        </tr>
      </thead>
      <tbody
        class="MuiTableBody-root css-apqrd9-MuiTableBody-root"
      >
        <tr
          class="MuiTableRow-root css-n2dwpd-MuiTableRow-root"
          data-cy="row05"
        >
          <td
            class="MuiTableCell-root MuiTableCell-body MuiTableCell-alignLeft MuiTableCell-sizeMedium css-1ex1afd-MuiTableCell-root"
          >
            0 - 5
          </td>
          <td
            class="MuiTableCell-root MuiTableCell-body MuiTableCell-alignLeft MuiTableCell-sizeMedium sc-gtLWhw bxhSlA css-1ex1afd-MuiTableCell-root"
          />
          <td
            class="MuiTableCell-root MuiTableCell-body MuiTableCell-alignLeft MuiTableCell-sizeMedium sc-gtLWhw bxhSlA css-1ex1afd-MuiTableCell-root"
          />
          <td
            class="MuiTableCell-root MuiTableCell-body MuiTableCell-alignLeft MuiTableCell-sizeMedium sc-gtLWhw bxhSlA css-1ex1afd-MuiTableCell-root"
          >
            -
          </td>
          <td
            class="MuiTableCell-root MuiTableCell-body MuiTableCell-alignLeft MuiTableCell-sizeMedium css-1ex1afd-MuiTableCell-root"
          />
          <td
            class="MuiTableCell-root MuiTableCell-body MuiTableCell-alignLeft MuiTableCell-sizeMedium sc-gtLWhw bxhSlA css-1ex1afd-MuiTableCell-root"
          />
          <td
            class="MuiTableCell-root MuiTableCell-body MuiTableCell-alignLeft MuiTableCell-sizeMedium sc-gtLWhw bxhSlA css-1ex1afd-MuiTableCell-root"
          />
        </tr>
        <tr
          class="MuiTableRow-root css-n2dwpd-MuiTableRow-root"
        >
          <td
            class="MuiTableCell-root MuiTableCell-body MuiTableCell-alignLeft MuiTableCell-sizeMedium css-1ex1afd-MuiTableCell-root"
          >
            6 - 11
          </td>
          <td
            class="MuiTableCell-root MuiTableCell-body MuiTableCell-alignLeft MuiTableCell-sizeMedium sc-gtLWhw bxhSlA css-1ex1afd-MuiTableCell-root"
          />
          <td
            class="MuiTableCell-root MuiTableCell-body MuiTableCell-alignLeft MuiTableCell-sizeMedium sc-gtLWhw bxhSlA css-1ex1afd-MuiTableCell-root"
          />
          <td
            class="MuiTableCell-root MuiTableCell-body MuiTableCell-alignLeft MuiTableCell-sizeMedium sc-gtLWhw bxhSlA css-1ex1afd-MuiTableCell-root"
          >
            -
          </td>
          <td
            class="MuiTableCell-root MuiTableCell-body MuiTableCell-alignLeft MuiTableCell-sizeMedium css-1ex1afd-MuiTableCell-root"
          />
          <td
            class="MuiTableCell-root MuiTableCell-body MuiTableCell-alignLeft MuiTableCell-sizeMedium sc-gtLWhw bxhSlA css-1ex1afd-MuiTableCell-root"
          />
          <td
            class="MuiTableCell-root MuiTableCell-body MuiTableCell-alignLeft MuiTableCell-sizeMedium sc-gtLWhw bxhSlA css-1ex1afd-MuiTableCell-root"
          />
        </tr>
        <tr
          class="MuiTableRow-root css-n2dwpd-MuiTableRow-root"
        >
          <td
            class="MuiTableCell-root MuiTableCell-body MuiTableCell-alignLeft MuiTableCell-sizeMedium css-1ex1afd-MuiTableCell-root"
          >
            12 - 17
          </td>
          <td
            class="MuiTableCell-root MuiTableCell-body MuiTableCell-alignLeft MuiTableCell-sizeMedium sc-gtLWhw bxhSlA css-1ex1afd-MuiTableCell-root"
          />
          <td
            class="MuiTableCell-root MuiTableCell-body MuiTableCell-alignLeft MuiTableCell-sizeMedium sc-gtLWhw bxhSlA css-1ex1afd-MuiTableCell-root"
          />
          <td
            class="MuiTableCell-root MuiTableCell-body MuiTableCell-alignLeft MuiTableCell-sizeMedium sc-gtLWhw bxhSlA css-1ex1afd-MuiTableCell-root"
          >
            -
          </td>
          <td
            class="MuiTableCell-root MuiTableCell-body MuiTableCell-alignLeft MuiTableCell-sizeMedium css-1ex1afd-MuiTableCell-root"
          />
          <td
            class="MuiTableCell-root MuiTableCell-body MuiTableCell-alignLeft MuiTableCell-sizeMedium sc-gtLWhw bxhSlA css-1ex1afd-MuiTableCell-root"
          />
          <td
            class="MuiTableCell-root MuiTableCell-body MuiTableCell-alignLeft MuiTableCell-sizeMedium sc-gtLWhw bxhSlA css-1ex1afd-MuiTableCell-root"
          />
        </tr>
        <tr
          class="MuiTableRow-root css-n2dwpd-MuiTableRow-root"
        >
          <td
            class="MuiTableCell-root MuiTableCell-body MuiTableCell-alignLeft MuiTableCell-sizeMedium css-1ex1afd-MuiTableCell-root"
          >
            18 - 59
          </td>
          <td
            class="MuiTableCell-root MuiTableCell-body MuiTableCell-alignLeft MuiTableCell-sizeMedium sc-gtLWhw bxhSlA css-1ex1afd-MuiTableCell-root"
          />
          <td
            class="MuiTableCell-root MuiTableCell-body MuiTableCell-alignLeft MuiTableCell-sizeMedium sc-gtLWhw bxhSlA css-1ex1afd-MuiTableCell-root"
          />
          <td
            class="MuiTableCell-root MuiTableCell-body MuiTableCell-alignLeft MuiTableCell-sizeMedium sc-gtLWhw bxhSlA css-1ex1afd-MuiTableCell-root"
          />
          <td
            class="MuiTableCell-root MuiTableCell-body MuiTableCell-alignLeft MuiTableCell-sizeMedium css-1ex1afd-MuiTableCell-root"
          />
          <td
            class="MuiTableCell-root MuiTableCell-body MuiTableCell-alignLeft MuiTableCell-sizeMedium sc-gtLWhw bxhSlA css-1ex1afd-MuiTableCell-root"
          />
          <td
            class="MuiTableCell-root MuiTableCell-body MuiTableCell-alignLeft MuiTableCell-sizeMedium sc-gtLWhw bxhSlA css-1ex1afd-MuiTableCell-root"
          />
        </tr>
        <tr
          class="MuiTableRow-root css-n2dwpd-MuiTableRow-root"
        >
          <td
            class="MuiTableCell-root MuiTableCell-body MuiTableCell-alignLeft MuiTableCell-sizeMedium css-1ex1afd-MuiTableCell-root"
          >
            60 +
          </td>
          <td
            class="MuiTableCell-root MuiTableCell-body MuiTableCell-alignLeft MuiTableCell-sizeMedium sc-gtLWhw bxhSlA css-1ex1afd-MuiTableCell-root"
          />
          <td
            class="MuiTableCell-root MuiTableCell-body MuiTableCell-alignLeft MuiTableCell-sizeMedium sc-gtLWhw bxhSlA css-1ex1afd-MuiTableCell-root"
          />
          <td
            class="MuiTableCell-root MuiTableCell-body MuiTableCell-alignLeft MuiTableCell-sizeMedium sc-gtLWhw bxhSlA css-1ex1afd-MuiTableCell-root"
          >
            -
          </td>
          <td
            class="MuiTableCell-root MuiTableCell-body MuiTableCell-alignLeft MuiTableCell-sizeMedium css-1ex1afd-MuiTableCell-root"
          />
          <td
            class="MuiTableCell-root MuiTableCell-body MuiTableCell-alignLeft MuiTableCell-sizeMedium sc-gtLWhw bxhSlA css-1ex1afd-MuiTableCell-root"
          />
          <td
            class="MuiTableCell-root MuiTableCell-body MuiTableCell-alignLeft MuiTableCell-sizeMedium sc-gtLWhw bxhSlA css-1ex1afd-MuiTableCell-root"
          />
        </tr>
      </tbody>
    </table>
  </div>
</div>
`;
