// Jest Snapshot v1, https://goo.gl/fbAQLP

exports[`containers/tables/rdi/RegistrationDataImportTable should render loading 1`] = `
<div>
  <div
    class="sc-bdVaJa ksQzqc"
  >
    <div
      class="sc-bwzfXH iIRzZu"
      data-cy="loading-container"
    >
      <div
        class="MuiCircularProgress-root MuiCircularProgress-colorPrimary MuiCircularProgress-indeterminate"
        role="progressbar"
        style="width: 40px; height: 40px;"
      >
        <svg
          class="MuiCircularProgress-svg"
          viewBox="22 22 44 44"
        >
          <circle
            class="MuiCircularProgress-circle MuiCircularProgress-circleIndeterminate"
            cx="44"
            cy="44"
            fill="none"
            r="20.2"
            stroke-width="3.6"
          />
        </svg>
      </div>
    </div>
  </div>
</div>
`;

exports[`containers/tables/rdi/RegistrationDataImportTable should render with data 1`] = `
<div>
  <div
    class="sc-bdVaJa ksQzqc"
  >
    <div
      class="makeStyles-root-1"
    >
      <div
        class="MuiPaper-root makeStyles-paper-2 MuiPaper-elevation1 MuiPaper-rounded"
      >
        <div
          class="MuiTableContainer-root"
        >
          <div
            class="MuiBox-root MuiBox-root-7"
          >
            <div
              class="MuiToolbar-root MuiToolbar-regular makeStyles-root-8 MuiToolbar-gutters"
            >
              <h6
                class="MuiTypography-root makeStyles-title-10 MuiTypography-h6"
                data-cy="table-title"
              >
                List of Imports (13)
              </h6>
            </div>
            <div
              class="MuiBox-root MuiBox-root-11"
            />
          </div>
          <table
            aria-label="enhanced table"
            aria-labelledby="tableTitle"
            class="MuiTable-root makeStyles-table-3"
            data-cy="table-title"
          >
            <thead
              class="MuiTableHead-root"
            >
              <tr
                class="MuiTableRow-root MuiTableRow-head"
              >
                <th
                  class="MuiTableCell-root MuiTableCell-head MuiTableCell-alignLeft"
                  scope="col"
                >
                  <span
                    aria-disabled="false"
                    class="MuiButtonBase-root MuiTableSortLabel-root sc-bZQynM ciIUPU"
                    data-cy="table-label"
                    role="button"
                    tabindex="0"
                  >
                    Title
                    <svg
                      aria-hidden="true"
                      class="MuiSvgIcon-root MuiTableSortLabel-icon MuiTableSortLabel-iconDirectionAsc"
                      focusable="false"
                      viewBox="0 0 24 24"
                    >
                      <path
                        d="M20 12l-1.41-1.41L13 16.17V4h-2v12.17l-5.58-5.59L4 12l8 8 8-8z"
                      />
                    </svg>
                  </span>
                </th>
                <th
                  class="MuiTableCell-root MuiTableCell-head MuiTableCell-alignLeft"
                  scope="col"
                >
                  <span
                    aria-disabled="false"
                    class="MuiButtonBase-root MuiTableSortLabel-root sc-bZQynM ciIUPU"
                    data-cy="table-label"
                    role="button"
                    tabindex="0"
                  >
                    Status
                    <svg
                      aria-hidden="true"
                      class="MuiSvgIcon-root MuiTableSortLabel-icon MuiTableSortLabel-iconDirectionAsc"
                      focusable="false"
                      viewBox="0 0 24 24"
                    >
                      <path
                        d="M20 12l-1.41-1.41L13 16.17V4h-2v12.17l-5.58-5.59L4 12l8 8 8-8z"
                      />
                    </svg>
                  </span>
                </th>
                <th
                  aria-sort="descending"
                  class="MuiTableCell-root MuiTableCell-head MuiTableCell-alignLeft"
                  scope="col"
                >
                  <span
                    aria-disabled="false"
                    class="MuiButtonBase-root MuiTableSortLabel-root sc-bZQynM ciIUPU MuiTableSortLabel-active"
                    data-cy="table-label"
                    role="button"
                    tabindex="0"
                  >
                    Import Date
                    <span
                      class="makeStyles-visuallyHidden-12"
                    >
                      sorted descending
                    </span>
                    <svg
                      aria-hidden="true"
                      class="MuiSvgIcon-root MuiTableSortLabel-icon MuiTableSortLabel-iconDirectionDesc"
                      focusable="false"
                      viewBox="0 0 24 24"
                    >
                      <path
                        d="M20 12l-1.41-1.41L13 16.17V4h-2v12.17l-5.58-5.59L4 12l8 8 8-8z"
                      />
                    </svg>
                  </span>
                </th>
                <th
                  class="MuiTableCell-root MuiTableCell-head MuiTableCell-alignRight MuiTableCell-paddingNone"
                  scope="col"
                >
                  <span
                    aria-disabled="false"
                    class="MuiButtonBase-root MuiTableSortLabel-root sc-bZQynM ciIUPU"
                    data-cy="table-label"
                    role="button"
                    tabindex="0"
                  >
                    Num. of Individuals
                    <svg
                      aria-hidden="true"
                      class="MuiSvgIcon-root MuiTableSortLabel-icon MuiTableSortLabel-iconDirectionAsc"
                      focusable="false"
                      viewBox="0 0 24 24"
                    >
                      <path
                        d="M20 12l-1.41-1.41L13 16.17V4h-2v12.17l-5.58-5.59L4 12l8 8 8-8z"
                      />
                    </svg>
                  </span>
                </th>
                <th
                  class="MuiTableCell-root MuiTableCell-head MuiTableCell-alignRight MuiTableCell-paddingNone"
                  scope="col"
                >
                  <span
                    aria-disabled="false"
                    class="MuiButtonBase-root MuiTableSortLabel-root sc-bZQynM ciIUPU"
                    data-cy="table-label"
                    role="button"
                    tabindex="0"
                  >
                    Num. of Households
                    <svg
                      aria-hidden="true"
                      class="MuiSvgIcon-root MuiTableSortLabel-icon MuiTableSortLabel-iconDirectionAsc"
                      focusable="false"
                      viewBox="0 0 24 24"
                    >
                      <path
                        d="M20 12l-1.41-1.41L13 16.17V4h-2v12.17l-5.58-5.59L4 12l8 8 8-8z"
                      />
                    </svg>
                  </span>
                </th>
                <th
                  class="MuiTableCell-root MuiTableCell-head MuiTableCell-alignLeft"
                  scope="col"
                >
                  <span
                    aria-disabled="false"
                    class="MuiButtonBase-root MuiTableSortLabel-root sc-bZQynM ciIUPU"
                    data-cy="table-label"
                    role="button"
                    tabindex="0"
                  >
                    Imported by
                    <svg
                      aria-hidden="true"
                      class="MuiSvgIcon-root MuiTableSortLabel-icon MuiTableSortLabel-iconDirectionAsc"
                      focusable="false"
                      viewBox="0 0 24 24"
                    >
                      <path
                        d="M20 12l-1.41-1.41L13 16.17V4h-2v12.17l-5.58-5.59L4 12l8 8 8-8z"
                      />
                    </svg>
                  </span>
                </th>
                <th
                  class="MuiTableCell-root MuiTableCell-head MuiTableCell-alignLeft"
                  scope="col"
                >
                  <span
                    aria-disabled="false"
                    class="MuiButtonBase-root MuiTableSortLabel-root sc-bZQynM ciIUPU"
                    data-cy="table-label"
                    role="button"
                    tabindex="0"
                  >
                    Data Source
                    <svg
                      aria-hidden="true"
                      class="MuiSvgIcon-root MuiTableSortLabel-icon MuiTableSortLabel-iconDirectionAsc"
                      focusable="false"
                      viewBox="0 0 24 24"
                    >
                      <path
                        d="M20 12l-1.41-1.41L13 16.17V4h-2v12.17l-5.58-5.59L4 12l8 8 8-8z"
                      />
                    </svg>
                  </span>
                </th>
              </tr>
            </thead>
            <tbody
              class="MuiTableBody-root"
            >
              <tr
                class="MuiTableRow-root sc-htoDjs ehUDZT MuiTableRow-hover"
                role="checkbox"
              >
                <td
                  class="MuiTableCell-root MuiTableCell-body MuiTableCell-alignLeft"
                >
                  <a
                    class="sc-gZMcBi kVsGCB"
                    href="/afghanistan/registration-data-import/UmVnaXN0cmF0aW9uRGF0YUltcG9ydE5vZGU6ZTNhMTFiMmEtOWExZS00MzExLWJiODctNmZmNDA2ZWY5OTZi"
                  >
                    Some white tell. - 1695725903375430680
                  </a>
                </td>
                <td
                  class="MuiTableCell-root MuiTableCell-body MuiTableCell-alignLeft"
                >
                  <div
                    class="sc-dnqmqq fRlUlo"
                  >
                    <div
                      class="sc-iwsKbI kqWHq"
                      data-cy="status-container"
                    >
                      IN REVIEW
                    </div>
                  </div>
                </td>
                <td
                  class="MuiTableCell-root MuiTableCell-body MuiTableCell-alignLeft"
                >
                  <time
                    datetime="1695725903422"
                  >
                    26 Sep 2023 10:58 AM
                  </time>
                </td>
                <td
                  class="MuiTableCell-root MuiTableCell-body MuiTableCell-alignRight"
                >
                  1732
                </td>
                <td
                  class="MuiTableCell-root MuiTableCell-body MuiTableCell-alignRight"
                >
                  20
                </td>
                <td
                  class="MuiTableCell-root MuiTableCell-body MuiTableCell-alignLeft"
                >
                  Christina Wilson
                </td>
                <td
                  class="MuiTableCell-root MuiTableCell-body MuiTableCell-alignLeft"
                >
                  XLS
                </td>
              </tr>
              <tr
                class="MuiTableRow-root sc-htoDjs ehUDZT MuiTableRow-hover"
                role="checkbox"
              >
                <td
                  class="MuiTableCell-root MuiTableCell-body MuiTableCell-alignLeft"
                >
                  <a
                    class="sc-gZMcBi kVsGCB"
                    href="/afghanistan/registration-data-import/UmVnaXN0cmF0aW9uRGF0YUltcG9ydE5vZGU6ODczZTAwYzUtZDQyZS00YTM4LTgzYWYtNmU0M2Q4M2MyZGQ4"
                  >
                    Strategy century under. - 1695725903319024055
                  </a>
                </td>
                <td
                  class="MuiTableCell-root MuiTableCell-body MuiTableCell-alignLeft"
                >
                  <div
                    class="sc-dnqmqq fRlUlo"
                  >
                    <div
                      class="sc-iwsKbI kqWHq"
                      data-cy="status-container"
                    >
                      IN REVIEW
                    </div>
                  </div>
                </td>
                <td
                  class="MuiTableCell-root MuiTableCell-body MuiTableCell-alignLeft"
                >
                  <time
                    datetime="1695725903370"
                  >
                    26 Sep 2023 10:58 AM
                  </time>
                </td>
                <td
                  class="MuiTableCell-root MuiTableCell-body MuiTableCell-alignRight"
                >
                  8831
                </td>
                <td
                  class="MuiTableCell-root MuiTableCell-body MuiTableCell-alignRight"
                >
                  34
                </td>
                <td
                  class="MuiTableCell-root MuiTableCell-body MuiTableCell-alignLeft"
                >
                  Michelle Powell
                </td>
                <td
                  class="MuiTableCell-root MuiTableCell-body MuiTableCell-alignLeft"
                >
                  API
                </td>
              </tr>
              <tr
                class="MuiTableRow-root sc-htoDjs ehUDZT MuiTableRow-hover"
                role="checkbox"
              >
                <td
                  class="MuiTableCell-root MuiTableCell-body MuiTableCell-alignLeft"
                >
                  <a
                    class="sc-gZMcBi kVsGCB"
                    href="/afghanistan/registration-data-import/UmVnaXN0cmF0aW9uRGF0YUltcG9ydE5vZGU6YmRlOWI1OTAtOGNiMS00YjY5LThjYzAtMzFjYTM3YTJlMWYw"
                  >
                    Happy military during. - 1695725903060029722
                  </a>
                </td>
                <td
                  class="MuiTableCell-root MuiTableCell-body MuiTableCell-alignLeft"
                >
                  <div
                    class="sc-dnqmqq fRlUlo"
                  >
                    <div
                      class="sc-iwsKbI kqWHq"
                      data-cy="status-container"
                    >
                      IN REVIEW
                    </div>
                  </div>
                </td>
                <td
                  class="MuiTableCell-root MuiTableCell-body MuiTableCell-alignLeft"
                >
                  <time
                    datetime="1695725903109"
                  >
                    26 Sep 2023 10:58 AM
                  </time>
                </td>
                <td
                  class="MuiTableCell-root MuiTableCell-body MuiTableCell-alignRight"
                >
                  9517
                </td>
                <td
                  class="MuiTableCell-root MuiTableCell-body MuiTableCell-alignRight"
                >
                  12
                </td>
                <td
                  class="MuiTableCell-root MuiTableCell-body MuiTableCell-alignLeft"
                >
                  Ronald Jackson
                </td>
                <td
                  class="MuiTableCell-root MuiTableCell-body MuiTableCell-alignLeft"
                >
                  FLEX_REGISTRATION
                </td>
              </tr>
              <tr
                class="MuiTableRow-root sc-htoDjs ehUDZT MuiTableRow-hover"
                role="checkbox"
              >
                <td
                  class="MuiTableCell-root MuiTableCell-body MuiTableCell-alignLeft"
                >
                  <a
                    class="sc-gZMcBi kVsGCB"
                    href="/afghanistan/registration-data-import/UmVnaXN0cmF0aW9uRGF0YUltcG9ydE5vZGU6OTg1NjE1NDctZDkxYS00NjAxLWFmNDktYWQyM2FlOTE1YmJj"
                  >
                    Knowledge claim event. - 1695725903002218138
                  </a>
                </td>
                <td
                  class="MuiTableCell-root MuiTableCell-body MuiTableCell-alignLeft"
                >
                  <div
                    class="sc-dnqmqq fRlUlo"
                  >
                    <div
                      class="sc-iwsKbI kqWHq"
                      data-cy="status-container"
                    >
                      IN REVIEW
                    </div>
                  </div>
                </td>
                <td
                  class="MuiTableCell-root MuiTableCell-body MuiTableCell-alignLeft"
                >
                  <time
                    datetime="1695725903054"
                  >
                    26 Sep 2023 10:58 AM
                  </time>
                </td>
                <td
                  class="MuiTableCell-root MuiTableCell-body MuiTableCell-alignRight"
                >
                  7925
                </td>
                <td
                  class="MuiTableCell-root MuiTableCell-body MuiTableCell-alignRight"
                >
                  9
                </td>
                <td
                  class="MuiTableCell-root MuiTableCell-body MuiTableCell-alignLeft"
                >
                  Angela Tapia
                </td>
                <td
                  class="MuiTableCell-root MuiTableCell-body MuiTableCell-alignLeft"
                >
                  XLS
                </td>
              </tr>
              <tr
                class="MuiTableRow-root sc-htoDjs ehUDZT MuiTableRow-hover"
                role="checkbox"
              >
                <td
                  class="MuiTableCell-root MuiTableCell-body MuiTableCell-alignLeft"
                >
                  <a
                    class="sc-gZMcBi kVsGCB"
                    href="/afghanistan/registration-data-import/UmVnaXN0cmF0aW9uRGF0YUltcG9ydE5vZGU6ODI0NjdlYzgtZmIyYy00OWFiLTlmZDYtZWRiZDc3MTUzMWFk"
                  >
                    Between husband skill. - 1695725902743894221
                  </a>
                </td>
                <td
                  class="MuiTableCell-root MuiTableCell-body MuiTableCell-alignLeft"
                >
                  <div
                    class="sc-dnqmqq fRlUlo"
                  >
                    <div
                      class="sc-iwsKbI kqWHq"
                      data-cy="status-container"
                    >
                      IN REVIEW
                    </div>
                  </div>
                </td>
                <td
                  class="MuiTableCell-root MuiTableCell-body MuiTableCell-alignLeft"
                >
                  <time
                    datetime="1695725902794"
                  >
                    26 Sep 2023 10:58 AM
                  </time>
                </td>
                <td
                  class="MuiTableCell-root MuiTableCell-body MuiTableCell-alignRight"
                >
                  6720
                </td>
                <td
                  class="MuiTableCell-root MuiTableCell-body MuiTableCell-alignRight"
                >
                  50
                </td>
                <td
                  class="MuiTableCell-root MuiTableCell-body MuiTableCell-alignLeft"
                >
                  Brianna Schultz
                </td>
                <td
                  class="MuiTableCell-root MuiTableCell-body MuiTableCell-alignLeft"
                >
                  EDOPOMOGA
                </td>
              </tr>
              <tr
                class="MuiTableRow-root sc-htoDjs ehUDZT MuiTableRow-hover"
                role="checkbox"
              >
                <td
                  class="MuiTableCell-root MuiTableCell-body MuiTableCell-alignLeft"
                >
                  <a
                    class="sc-gZMcBi kVsGCB"
                    href="/afghanistan/registration-data-import/UmVnaXN0cmF0aW9uRGF0YUltcG9ydE5vZGU6YjEzYWIxZTEtMzA5My00YzMzLWFiMTctYjVkMDU0MTk2MjQw"
                  >
                    Even activity it. - 1695725902685812513
                  </a>
                </td>
                <td
                  class="MuiTableCell-root MuiTableCell-body MuiTableCell-alignLeft"
                >
                  <div
                    class="sc-dnqmqq fRlUlo"
                  >
                    <div
                      class="sc-iwsKbI kqWHq"
                      data-cy="status-container"
                    >
                      IN REVIEW
                    </div>
                  </div>
                </td>
                <td
                  class="MuiTableCell-root MuiTableCell-body MuiTableCell-alignLeft"
                >
                  <time
                    datetime="1695725902737"
                  >
                    26 Sep 2023 10:58 AM
                  </time>
                </td>
                <td
                  class="MuiTableCell-root MuiTableCell-body MuiTableCell-alignRight"
                >
                  8864
                </td>
                <td
                  class="MuiTableCell-root MuiTableCell-body MuiTableCell-alignRight"
                >
                  10
                </td>
                <td
                  class="MuiTableCell-root MuiTableCell-body MuiTableCell-alignLeft"
                >
                  Daniel Walton
                </td>
                <td
                  class="MuiTableCell-root MuiTableCell-body MuiTableCell-alignLeft"
                >
                  FLEX_REGISTRATION
                </td>
              </tr>
              <tr
                class="MuiTableRow-root sc-htoDjs ehUDZT MuiTableRow-hover"
                role="checkbox"
              >
                <td
                  class="MuiTableCell-root MuiTableCell-body MuiTableCell-alignLeft"
                >
                  <a
                    class="sc-gZMcBi kVsGCB"
                    href="/afghanistan/registration-data-import/UmVnaXN0cmF0aW9uRGF0YUltcG9ydE5vZGU6NWQ3NTI1MWQtOGNlNy00NjRiLThkMTctZTlkZmZlMjk5Y2Q1"
                  >
                    Feeling already. - 1695725902434868763
                  </a>
                </td>
                <td
                  class="MuiTableCell-root MuiTableCell-body MuiTableCell-alignLeft"
                >
                  <div
                    class="sc-dnqmqq fRlUlo"
                  >
                    <div
                      class="sc-iwsKbI kqWHq"
                      data-cy="status-container"
                    >
                      IN REVIEW
                    </div>
                  </div>
                </td>
                <td
                  class="MuiTableCell-root MuiTableCell-body MuiTableCell-alignLeft"
                >
                  <time
                    datetime="1695725902485"
                  >
                    26 Sep 2023 10:58 AM
                  </time>
                </td>
                <td
                  class="MuiTableCell-root MuiTableCell-body MuiTableCell-alignRight"
                >
                  4923
                </td>
                <td
                  class="MuiTableCell-root MuiTableCell-body MuiTableCell-alignRight"
                >
                  49
                </td>
                <td
                  class="MuiTableCell-root MuiTableCell-body MuiTableCell-alignLeft"
                >
                  John Yoder
                </td>
                <td
                  class="MuiTableCell-root MuiTableCell-body MuiTableCell-alignLeft"
                >
                  DIIA
                </td>
              </tr>
              <tr
                class="MuiTableRow-root sc-htoDjs ehUDZT MuiTableRow-hover"
                role="checkbox"
              >
                <td
                  class="MuiTableCell-root MuiTableCell-body MuiTableCell-alignLeft"
                >
                  <a
                    class="sc-gZMcBi kVsGCB"
                    href="/afghanistan/registration-data-import/UmVnaXN0cmF0aW9uRGF0YUltcG9ydE5vZGU6NGFlODQ3YzMtZTFmYi00MmQ0LTk1MzMtOGU5MWIyYTNjNDk5"
                  >
                    Response reason positive talk. - 1695725902374813305
                  </a>
                </td>
                <td
                  class="MuiTableCell-root MuiTableCell-body MuiTableCell-alignLeft"
                >
                  <div
                    class="sc-dnqmqq fRlUlo"
                  >
                    <div
                      class="sc-iwsKbI kqWHq"
                      data-cy="status-container"
                    >
                      IN REVIEW
                    </div>
                  </div>
                </td>
                <td
                  class="MuiTableCell-root MuiTableCell-body MuiTableCell-alignLeft"
                >
                  <time
                    datetime="1695725902427"
                  >
                    26 Sep 2023 10:58 AM
                  </time>
                </td>
                <td
                  class="MuiTableCell-root MuiTableCell-body MuiTableCell-alignRight"
                >
                  6748
                </td>
                <td
                  class="MuiTableCell-root MuiTableCell-body MuiTableCell-alignRight"
                >
                  23
                </td>
                <td
                  class="MuiTableCell-root MuiTableCell-body MuiTableCell-alignLeft"
                >
                  Kelly Swanson
                </td>
                <td
                  class="MuiTableCell-root MuiTableCell-body MuiTableCell-alignLeft"
                >
                  FLEX_REGISTRATION
                </td>
              </tr>
              <tr
                class="MuiTableRow-root sc-htoDjs ehUDZT MuiTableRow-hover"
                role="checkbox"
              >
                <td
                  class="MuiTableCell-root MuiTableCell-body MuiTableCell-alignLeft"
                >
                  <a
                    class="sc-gZMcBi kVsGCB"
                    href="/afghanistan/registration-data-import/UmVnaXN0cmF0aW9uRGF0YUltcG9ydE5vZGU6ZWQxNDg2OWItYjg1Ni00NWQwLWI0MmMtOTI5ZGRlYWYxNzFl"
                  >
                    Finally teach public. - 1695725902089511388
                  </a>
                </td>
                <td
                  class="MuiTableCell-root MuiTableCell-body MuiTableCell-alignLeft"
                >
                  <div
                    class="sc-dnqmqq fRlUlo"
                  >
                    <div
                      class="sc-iwsKbI kqWHq"
                      data-cy="status-container"
                    >
                      IN REVIEW
                    </div>
                  </div>
                </td>
                <td
                  class="MuiTableCell-root MuiTableCell-body MuiTableCell-alignLeft"
                >
                  <time
                    datetime="1695725902139"
                  >
                    26 Sep 2023 10:58 AM
                  </time>
                </td>
                <td
                  class="MuiTableCell-root MuiTableCell-body MuiTableCell-alignRight"
                >
                  3713
                </td>
                <td
                  class="MuiTableCell-root MuiTableCell-body MuiTableCell-alignRight"
                >
                  12
                </td>
                <td
                  class="MuiTableCell-root MuiTableCell-body MuiTableCell-alignLeft"
                >
                  David Thompson
                </td>
                <td
                  class="MuiTableCell-root MuiTableCell-body MuiTableCell-alignLeft"
                >
                  KOBO
                </td>
              </tr>
              <tr
                class="MuiTableRow-root sc-htoDjs ehUDZT MuiTableRow-hover"
                role="checkbox"
              >
                <td
                  class="MuiTableCell-root MuiTableCell-body MuiTableCell-alignLeft"
                >
                  <a
                    class="sc-gZMcBi kVsGCB"
                    href="/afghanistan/registration-data-import/UmVnaXN0cmF0aW9uRGF0YUltcG9ydE5vZGU6ZDZjMTIyZTUtODlmMy00MmM2LWIzNjUtNzdhMmM5Mzg5MDFk"
                  >
                    Hear someone. - 1695725902026326763
                  </a>
                </td>
                <td
                  class="MuiTableCell-root MuiTableCell-body MuiTableCell-alignLeft"
                >
                  <div
                    class="sc-dnqmqq fRlUlo"
                  >
                    <div
                      class="sc-iwsKbI kqWHq"
                      data-cy="status-container"
                    >
                      IN REVIEW
                    </div>
                  </div>
                </td>
                <td
                  class="MuiTableCell-root MuiTableCell-body MuiTableCell-alignLeft"
                >
                  <time
                    datetime="1695725902084"
                  >
                    26 Sep 2023 10:58 AM
                  </time>
                </td>
                <td
                  class="MuiTableCell-root MuiTableCell-body MuiTableCell-alignRight"
                >
                  411
                </td>
                <td
                  class="MuiTableCell-root MuiTableCell-body MuiTableCell-alignRight"
                >
                  31
                </td>
                <td
                  class="MuiTableCell-root MuiTableCell-body MuiTableCell-alignLeft"
                >
                  Sandra Bryan
                </td>
                <td
                  class="MuiTableCell-root MuiTableCell-body MuiTableCell-alignLeft"
                >
                  XLS
                </td>
              </tr>
            </tbody>
          </table>
        </div>
        <div
          class="MuiTablePagination-root"
          data-cy="table-pagination"
        >
          <div
            class="MuiToolbar-root MuiToolbar-regular MuiTablePagination-toolbar MuiToolbar-gutters"
          >
            <div
              class="MuiTablePagination-spacer"
            />
            <p
              class="MuiTypography-root MuiTablePagination-caption MuiTypography-body2 MuiTypography-colorInherit"
              id="mui-5806"
            >
              Rows per page:
            </p>
            <div
              class="MuiInputBase-root MuiTablePagination-input MuiTablePagination-selectRoot"
            >
              <div
                aria-haspopup="listbox"
                aria-labelledby="mui-5806 mui-73230"
                class="MuiSelect-root MuiSelect-select MuiTablePagination-select MuiSelect-selectMenu MuiInputBase-input"
                id="mui-73230"
                role="button"
                tabindex="0"
              >
                10
              </div>
              <input
                aria-hidden="true"
                class="MuiSelect-nativeInput"
                tabindex="-1"
                value="10"
              />
              <svg
                aria-hidden="true"
                class="MuiSvgIcon-root MuiSelect-icon MuiTablePagination-selectIcon"
                focusable="false"
                viewBox="0 0 24 24"
              >
                <path
                  d="M7 10l5 5 5-5z"
                />
              </svg>
            </div>
            <p
              class="MuiTypography-root MuiTablePagination-caption MuiTypography-body2 MuiTypography-colorInherit"
            >
              1-10 of 13
            </p>
            <div
              class="MuiTablePagination-actions"
            >
              <button
                aria-label="Previous page"
                class="MuiButtonBase-root MuiIconButton-root MuiIconButton-colorInherit Mui-disabled Mui-disabled"
                disabled=""
                tabindex="-1"
                title="Previous page"
                type="button"
              >
                <span
                  class="MuiIconButton-label"
                >
                  <svg
                    aria-hidden="true"
                    class="MuiSvgIcon-root"
                    focusable="false"
                    viewBox="0 0 24 24"
                  >
                    <path
                      d="M15.41 16.09l-4.58-4.59 4.58-4.59L14 5.5l-6 6 6 6z"
                    />
                  </svg>
                </span>
              </button>
              <button
                aria-label="Next page"
                class="MuiButtonBase-root MuiIconButton-root MuiIconButton-colorInherit"
                tabindex="0"
                title="Next page"
                type="button"
              >
                <span
                  class="MuiIconButton-label"
                >
                  <svg
                    aria-hidden="true"
                    class="MuiSvgIcon-root"
                    focusable="false"
                    viewBox="0 0 24 24"
                  >
                    <path
                      d="M8.59 16.34l4.58-4.59-4.58-4.59L10 5.75l6 6-6 6z"
                    />
                  </svg>
                </span>
                <span
                  class="MuiTouchRipple-root"
                />
              </button>
            </div>
          </div>
        </div>
      </div>
    </div>
  </div>
</div>
`;
