// Jest Snapshot v1, https://goo.gl/fbAQLP

exports[`components/paymentmodule/PaymentPlanDetails/AcceptanceProcess/GreyInfoCard should render 1`] = `
<div>
  <div
    class="MuiBox-root css-j7qwjs"
  >
    <div
      class="MuiBox-root css-38zrbw"
    >
      <div
        class="sc-hRDKVd hxueLb"
      >
        Test top message
         on
        <time
          datetime="1640995200000"
        >
          1 Jan 2022
        </time>
      </div>
    </div>
    <div
      class="sc-cMqPwU kzIWjN MuiBox-root css-e6xxd1"
    >
      <div
        class="MuiBox-root css-fv3lde"
      >
        Approved by Root Rootkowski
        <div
          class="MuiBox-root css-15fzge"
        >
          <div
            class="sc-kfeOyU cLxrbp"
          >
            on 
            <time
              datetime="1737727797921"
            >
              24 Jan 2025
            </time>
          </div>
        </div>
        <div
          class="MuiBox-root css-1el3gal"
        >
          <div
            class="sc-jBIHhB bICrbh"
          />
        </div>
      </div>
    </div>
  </div>
</div>
`;
