// Jest Snapshot v1, https://goo.gl/fbAQLP

exports[`components/rdi/details/RegistrationDetails should render 1`] = `
<div>
  <div
    class="MuiPaper-root MuiPaper-elevation MuiPaper-rounded MuiPaper-elevation1 sc-KXCwU fCeEQk css-1gtchvp-MuiPaper-root"
    style="--Paper-shadow: 0px 2px 1px -1px rgba(0,0,0,0.2),0px 1px 1px 0px rgba(0,0,0,0.14),0px 1px 3px 0px rgba(0,0,0,0.12);"
  >
    <div
      class="sc-jZCRgm bBcBmc"
    >
      <h6
        class="MuiTypography-root MuiTypography-h6 css-66ugg1-MuiTypography-root"
      >
        Import Details
      </h6>
    </div>
    <div
      class="sc-gaZyOd VtufC"
    >
      <div
        class="MuiGrid-root MuiGrid-container css-1vam7s3-MuiGrid-root"
      >
        <div
          class="MuiGrid-root MuiGrid-item MuiGrid-grid-xs-auto css-1wrgmsj-MuiGrid-root"
        >
          <div
            class="MuiGrid-root MuiGrid-container MuiGrid-spacing-xs-3 css-121v4hs-MuiGrid-root"
          >
            <div
              class="MuiGrid-root MuiGrid-item MuiGrid-grid-xs-6 css-1osj8n2-MuiGrid-root"
            >
              <div
                class="MuiBox-root css-j7qwjs"
              >
                <div>
                  <span
                    class="sc-gyycJP gXmLtn"
                    color="textSecondary"
                  >
                    status
                  </span>
                  <div
                    data-cy="label-status"
                  >
                    <span
                      class="sc-eaUbBy dvpGUa"
                      color="textSecondary"
                    >
                      <div
                        class="sc-dDvxFM fXDoTN"
                      >
                        <div
                          class="sc-jqVXSH kgsmmQ status-box-container"
                          data-cy="status-container"
                        >
                          MERGED
                        </div>
                      </div>
                    </span>
                  </div>
                </div>
              </div>
            </div>
            <div
              class="MuiGrid-root MuiGrid-item MuiGrid-grid-xs-6 css-1osj8n2-MuiGrid-root"
            >
              <div>
                <span
                  class="sc-gyycJP gXmLtn"
                  color="textSecondary"
                >
                  Source of Data
                </span>
                <div
                  data-cy="label-Source of Data"
                >
                  <span
                    class="sc-eaUbBy dvpGUa"
                    color="textSecondary"
                  >
                    XLS
                  </span>
                </div>
              </div>
            </div>
            <div
              class="MuiGrid-root MuiGrid-item MuiGrid-grid-xs-6 css-1osj8n2-MuiGrid-root"
            >
              <div>
                <span
                  class="sc-gyycJP gXmLtn"
                  color="textSecondary"
                >
                  Import Date
                </span>
                <div
                  data-cy="label-Import Date"
                >
                  <span
                    class="sc-eaUbBy dvpGUa"
                    color="textSecondary"
                  >
                    <time
                      datetime="1644234352336"
                    >
                      7 Feb 2022 11:45 AM
                    </time>
                  </span>
                </div>
              </div>
            </div>
            <div
              class="MuiGrid-root MuiGrid-item MuiGrid-grid-xs-6 css-1osj8n2-MuiGrid-root"
            >
              <div>
                <span
                  class="sc-gyycJP gXmLtn"
                  color="textSecondary"
                >
                  Imported by
                </span>
                <div
                  data-cy="label-Imported by"
                >
                  <span
                    class="sc-eaUbBy dvpGUa"
                    color="textSecondary"
                  >
                    Maciej Szewczyk
                  </span>
                </div>
              </div>
            </div>
          </div>
        </div>
        <div
          class="MuiGrid-root MuiGrid-item MuiGrid-grid-xs-auto css-1wrgmsj-MuiGrid-root"
        >
          <div
            class="MuiGrid-root MuiGrid-container css-11lq3yg-MuiGrid-root"
          >
            <div
              class="MuiGrid-root MuiGrid-item MuiGrid-grid-xs-6 css-1osj8n2-MuiGrid-root"
            >
              <div
                class="sc-cZztgT cGskEj"
              >
                <div
                  data-cy="labelized-field-container-households"
                >
                  <span
                    class="sc-gyycJP gXmLtn"
                    color="textSecondary"
                  >
                    Total Number of Households
                  </span>
                  <div
                    data-cy="label-Total Number of Households"
                  >
                    <span
                      class="sc-eaUbBy dvpGUa"
                      color="textSecondary"
                    >
                      <div
                        class="sc-jMLmsk gtLsYD"
                      >
                        2
                      </div>
                    </span>
                  </div>
                </div>
              </div>
            </div>
            <div
              class="MuiGrid-root MuiGrid-item MuiGrid-grid-xs-6 css-1osj8n2-MuiGrid-root"
            >
              <div
                class="sc-cZztgT cGskEj"
              >
                <div
                  data-cy="labelized-field-container-individuals"
                >
                  <span
                    class="sc-gyycJP gXmLtn"
                    color="textSecondary"
                  >
                    Total Number of Individuals
                  </span>
                  <div
                    data-cy="label-Total Number of Individuals"
                  >
                    <span
                      class="sc-eaUbBy dvpGUa"
                      color="textSecondary"
                    >
                      <div
                        class="sc-jMLmsk gtLsYD"
                      >
                        6
                      </div>
                    </span>
                  </div>
                </div>
              </div>
            </div>
          </div>
        </div>
        <div
          class="MuiGrid-root MuiGrid-item MuiGrid-grid-xs-auto css-1wrgmsj-MuiGrid-root"
        >
          <div
            class="MuiGrid-root MuiGrid-container MuiGrid-direction-xs-column css-1vpwcmr-MuiGrid-root"
          >
            <div
              class="MuiGrid-root MuiGrid-container MuiGrid-item MuiGrid-spacing-xs-3 MuiGrid-grid-xs-12 css-ecnrms-MuiGrid-root"
            >
              <div
                class="MuiGrid-root MuiGrid-item MuiGrid-grid-xs-4 css-gj1fbr-MuiGrid-root"
              />
              <div
                class="MuiGrid-root MuiGrid-item MuiGrid-grid-xs-4 css-gj1fbr-MuiGrid-root"
              >
                <span
                  class="sc-kfmGjC ldKSMb"
                >
                  Biographical
                </span>
              </div>
            </div>
            <div
              class="sc-gTrWKq czkiJG"
            >
              <div
                class="MuiGrid-root MuiGrid-container MuiGrid-spacing-xs-3 css-121v4hs-MuiGrid-root"
              >
                <div
                  class="MuiGrid-root MuiGrid-item MuiGrid-grid-xs-12 css-1idn90j-MuiGrid-root"
                >
                  <div
                    class="MuiBox-root css-1yp4ln"
                  >
                    <span
                      class="sc-cGXZpB bvmMUB"
                      color="textSecondary"
                      data-cy="label-Within Batch"
                    >
                      Within Batch
                    </span>
                  </div>
                </div>
                <div
                  class="MuiGrid-root MuiGrid-item MuiGrid-grid-xs-12 css-1idn90j-MuiGrid-root"
                >
                  <div
                    class="MuiGrid-root MuiGrid-container MuiGrid-direction-xs-column css-1vpwcmr-MuiGrid-root"
                  >
                    <div
                      class="MuiGrid-root MuiGrid-container MuiGrid-spacing-xs-4 css-11nsb57-MuiGrid-root"
                    >
                      <div
                        class="MuiGrid-root MuiGrid-item MuiGrid-grid-xs-4 css-gj1fbr-MuiGrid-root"
                      >
                        <span
                          class="sc-hWWBcw bgxiOP"
                        >
                          <span
                            class="sc-jHbxoU jXqEsH"
                            data-cy="label-Unique"
                          >
                            Unique
                          </span>
                        </span>
                      </div>
                      <div
                        class="MuiGrid-root MuiGrid-container MuiGrid-item MuiGrid-spacing-xs-4 MuiGrid-grid-xs-4 css-1os70nx-MuiGrid-root"
                      >
                        <div
                          class="MuiGrid-root MuiGrid-item MuiGrid-grid-xs-6 css-1osj8n2-MuiGrid-root"
                        >
                          <span
                            class="sc-kuACkN cnKTty"
                            data-cy="percentage-Unique"
                          >
                            66.67
                            %
                          </span>
                        </div>
                        <div
                          class="MuiGrid-root MuiGrid-item MuiGrid-grid-xs-6 css-1osj8n2-MuiGrid-root"
                        >
                          <span
                            class="sc-hWWBcw bgxiOP"
                            data-cy="value-Unique"
                          >
                            (
                            4
                            )
                          </span>
                        </div>
                      </div>
                      <div
                        class="MuiGrid-root MuiGrid-container MuiGrid-item MuiGrid-spacing-xs-4 MuiGrid-grid-xs-4 css-1os70nx-MuiGrid-root"
                      >
                        <div
                          class="MuiGrid-root MuiGrid-item MuiGrid-grid-xs-6 css-1osj8n2-MuiGrid-root"
                        >
                          <span
                            class="sc-kuACkN cnKTty"
                            data-cy="percentage-Unique"
                          >
                            66.67
                            %
                          </span>
                        </div>
                        <div
                          class="MuiGrid-root MuiGrid-item MuiGrid-grid-xs-6 css-1osj8n2-MuiGrid-root"
                        >
                          <span
                            class="sc-hWWBcw bgxiOP"
                            data-cy="value-Unique"
                          >
                            (
                            4
                            )
                          </span>
                        </div>
                      </div>
                      <div
                        class="MuiGrid-root MuiGrid-container MuiGrid-item MuiGrid-spacing-xs-4 MuiGrid-grid-xs-4 css-1os70nx-MuiGrid-root"
                      >
                        <div
                          class="MuiGrid-root MuiGrid-item MuiGrid-grid-xs-6 css-1osj8n2-MuiGrid-root"
                        >
                          <span
                            class="sc-kuACkN cnKTty"
                            data-cy="percentage-Unique"
                          >
                            66.67
                            %
                          </span>
                        </div>
                        <div
                          class="MuiGrid-root MuiGrid-item MuiGrid-grid-xs-6 css-1osj8n2-MuiGrid-root"
                        >
                          <span
                            class="sc-hWWBcw bgxiOP"
                            data-cy="value-Unique"
                          >
                            (
                            4
                            )
                          </span>
                        </div>
                      </div>
                    </div>
                    <div
                      class="MuiGrid-root MuiGrid-container MuiGrid-spacing-xs-4 css-11nsb57-MuiGrid-root"
                    >
                      <div
                        class="MuiGrid-root MuiGrid-item MuiGrid-grid-xs-4 css-gj1fbr-MuiGrid-root"
                      >
                        <span
                          class="sc-hWWBcw bgxiOP"
                        >
                          <span
                            class="sc-jHbxoU jXqEsH"
                            data-cy="label-Duplicates"
                          >
                            Duplicates
                          </span>
                        </span>
                      </div>
                      <div
                        class="MuiGrid-root MuiGrid-container MuiGrid-item MuiGrid-spacing-xs-4 MuiGrid-grid-xs-4 css-1os70nx-MuiGrid-root"
                      >
                        <div
                          class="MuiGrid-root MuiGrid-item MuiGrid-grid-xs-6 css-1osj8n2-MuiGrid-root"
                        >
                          <span
                            class="sc-kuACkN cnKTty"
                            data-cy="percentage-Duplicates"
                          >
                            33.33
                            %
                          </span>
                        </div>
                        <div
                          class="MuiGrid-root MuiGrid-item MuiGrid-grid-xs-6 css-1osj8n2-MuiGrid-root"
                        >
                          <span
                            class="sc-hWWBcw bgxiOP"
                            data-cy="value-Duplicates"
                          >
                            (
                            2
                            )
                          </span>
                        </div>
                      </div>
                      <div
                        class="MuiGrid-root MuiGrid-container MuiGrid-item MuiGrid-spacing-xs-4 MuiGrid-grid-xs-4 css-1os70nx-MuiGrid-root"
                      >
                        <div
                          class="MuiGrid-root MuiGrid-item MuiGrid-grid-xs-6 css-1osj8n2-MuiGrid-root"
                        >
                          <span
                            class="sc-kuACkN cnKTty"
                            data-cy="percentage-Duplicates"
                          >
                            33.33
                            %
                          </span>
                        </div>
                        <div
                          class="MuiGrid-root MuiGrid-item MuiGrid-grid-xs-6 css-1osj8n2-MuiGrid-root"
                        >
                          <span
                            class="sc-hWWBcw bgxiOP"
                            data-cy="value-Duplicates"
                          >
                            (
                            2
                            )
                          </span>
                        </div>
                      </div>
                      <div
                        class="MuiGrid-root MuiGrid-container MuiGrid-item MuiGrid-spacing-xs-4 MuiGrid-grid-xs-4 css-1os70nx-MuiGrid-root"
                      >
                        <div
                          class="MuiGrid-root MuiGrid-item MuiGrid-grid-xs-6 css-1osj8n2-MuiGrid-root"
                        >
                          <span
                            class="sc-kuACkN cnKTty"
                            data-cy="percentage-Duplicates"
                          >
                            33.33
                            %
                          </span>
                        </div>
                        <div
                          class="MuiGrid-root MuiGrid-item MuiGrid-grid-xs-6 css-1osj8n2-MuiGrid-root"
                        >
                          <span
                            class="sc-hWWBcw bgxiOP"
                            data-cy="value-Duplicates"
                          >
                            (
                            2
                            )
                          </span>
                        </div>
                      </div>
                    </div>
                  </div>
                </div>
              </div>
            </div>
            <div
              class="sc-gTrWKq czkiJG"
            >
              <div
                class="MuiGrid-root MuiGrid-container MuiGrid-spacing-xs-3 css-121v4hs-MuiGrid-root"
              >
                <div
                  class="MuiGrid-root MuiGrid-item MuiGrid-grid-xs-12 css-1idn90j-MuiGrid-root"
                >
                  <div
                    class="MuiBox-root css-1yp4ln"
                  >
                    <span
                      class="sc-cGXZpB bvmMUB"
                      color="textSecondary"
                      data-cy="label-In Population"
                    >
                      In Population
                    </span>
                  </div>
                </div>
                <div
                  class="MuiGrid-root MuiGrid-item MuiGrid-grid-xs-12 css-1idn90j-MuiGrid-root"
                >
                  <div
                    class="MuiGrid-root MuiGrid-container MuiGrid-direction-xs-column css-1vpwcmr-MuiGrid-root"
                  >
                    <div
                      class="MuiGrid-root MuiGrid-container MuiGrid-spacing-xs-4 css-11nsb57-MuiGrid-root"
                    >
                      <div
                        class="MuiGrid-root MuiGrid-item MuiGrid-grid-xs-4 css-gj1fbr-MuiGrid-root"
                      >
                        <span
                          class="sc-hWWBcw bgxiOP"
                        >
                          <span
                            class="sc-jHbxoU jXqEsH"
                            data-cy="label-Unique"
                          >
                            Unique
                          </span>
                        </span>
                      </div>
                      <div
                        class="MuiGrid-root MuiGrid-container MuiGrid-item MuiGrid-spacing-xs-4 MuiGrid-grid-xs-4 css-1os70nx-MuiGrid-root"
                      >
                        <div
                          class="MuiGrid-root MuiGrid-item MuiGrid-grid-xs-6 css-1osj8n2-MuiGrid-root"
                        >
                          <span
                            class="sc-kuACkN cnKTty"
                            data-cy="percentage-Unique"
                          >
                            100.00
                            %
                          </span>
                        </div>
                        <div
                          class="MuiGrid-root MuiGrid-item MuiGrid-grid-xs-6 css-1osj8n2-MuiGrid-root"
                        >
                          <span
                            class="sc-hWWBcw bgxiOP"
                            data-cy="value-Unique"
                          >
                            (
                            6
                            )
                          </span>
                        </div>
                      </div>
                      <div
                        class="MuiGrid-root MuiGrid-container MuiGrid-item MuiGrid-spacing-xs-4 MuiGrid-grid-xs-4 css-1os70nx-MuiGrid-root"
                      >
                        <div
                          class="MuiGrid-root MuiGrid-item MuiGrid-grid-xs-6 css-1osj8n2-MuiGrid-root"
                        >
                          <span
                            class="sc-kuACkN cnKTty"
                            data-cy="percentage-Unique"
                          >
                            100.00
                            %
                          </span>
                        </div>
                        <div
                          class="MuiGrid-root MuiGrid-item MuiGrid-grid-xs-6 css-1osj8n2-MuiGrid-root"
                        >
                          <span
                            class="sc-hWWBcw bgxiOP"
                            data-cy="value-Unique"
                          >
                            (
                            6
                            )
                          </span>
                        </div>
                      </div>
                      <div
                        class="MuiGrid-root MuiGrid-container MuiGrid-item MuiGrid-spacing-xs-4 MuiGrid-grid-xs-4 css-1os70nx-MuiGrid-root"
                      >
                        <div
                          class="MuiGrid-root MuiGrid-item MuiGrid-grid-xs-6 css-1osj8n2-MuiGrid-root"
                        >
                          <span
                            class="sc-kuACkN cnKTty"
                            data-cy="percentage-Unique"
                          >
                            100.00
                            %
                          </span>
                        </div>
                        <div
                          class="MuiGrid-root MuiGrid-item MuiGrid-grid-xs-6 css-1osj8n2-MuiGrid-root"
                        >
                          <span
                            class="sc-hWWBcw bgxiOP"
                            data-cy="value-Unique"
                          >
                            (
                            6
                            )
                          </span>
                        </div>
                      </div>
                    </div>
                    <div
                      class="MuiGrid-root MuiGrid-container MuiGrid-spacing-xs-4 css-11nsb57-MuiGrid-root"
                    >
                      <div
                        class="MuiGrid-root MuiGrid-item MuiGrid-grid-xs-4 css-gj1fbr-MuiGrid-root"
                      >
                        <span
                          class="sc-hWWBcw bgxiOP"
                        >
                          <span
                            class="sc-jHbxoU jXqEsH"
                            data-cy="label-Duplicates"
                          >
                            Duplicates
                          </span>
                        </span>
                      </div>
                      <div
                        class="MuiGrid-root MuiGrid-container MuiGrid-item MuiGrid-spacing-xs-4 MuiGrid-grid-xs-4 css-1os70nx-MuiGrid-root"
                      >
                        <div
                          class="MuiGrid-root MuiGrid-item MuiGrid-grid-xs-6 css-1osj8n2-MuiGrid-root"
                        >
                          <span
                            class="sc-kuACkN cnKTty"
                            data-cy="percentage-Duplicates"
                          >
                            0.00
                            %
                          </span>
                        </div>
                        <div
                          class="MuiGrid-root MuiGrid-item MuiGrid-grid-xs-6 css-1osj8n2-MuiGrid-root"
                        >
                          <span
                            class="sc-hWWBcw bgxiOP"
                            data-cy="value-Duplicates"
                          >
                            (
                            0
                            )
                          </span>
                        </div>
                      </div>
                      <div
                        class="MuiGrid-root MuiGrid-container MuiGrid-item MuiGrid-spacing-xs-4 MuiGrid-grid-xs-4 css-1os70nx-MuiGrid-root"
                      >
                        <div
                          class="MuiGrid-root MuiGrid-item MuiGrid-grid-xs-6 css-1osj8n2-MuiGrid-root"
                        >
                          <span
                            class="sc-kuACkN cnKTty"
                            data-cy="percentage-Duplicates"
                          >
                            0.00
                            %
                          </span>
                        </div>
                        <div
                          class="MuiGrid-root MuiGrid-item MuiGrid-grid-xs-6 css-1osj8n2-MuiGrid-root"
                        >
                          <span
                            class="sc-hWWBcw bgxiOP"
                            data-cy="value-Duplicates"
                          >
                            (
                            0
                            )
                          </span>
                        </div>
                      </div>
                      <div
                        class="MuiGrid-root MuiGrid-container MuiGrid-item MuiGrid-spacing-xs-4 MuiGrid-grid-xs-4 css-1os70nx-MuiGrid-root"
                      >
                        <div
                          class="MuiGrid-root MuiGrid-item MuiGrid-grid-xs-6 css-1osj8n2-MuiGrid-root"
                        >
                          <span
                            class="sc-kuACkN cnKTty"
                            data-cy="percentage-Duplicates"
                          >
                            0.00
                            %
                          </span>
                        </div>
                        <div
                          class="MuiGrid-root MuiGrid-item MuiGrid-grid-xs-6 css-1osj8n2-MuiGrid-root"
                        >
                          <span
                            class="sc-hWWBcw bgxiOP"
                            data-cy="value-Duplicates"
                          >
                            (
                            0
                            )
                          </span>
                        </div>
                      </div>
                    </div>
                    <div
                      class="MuiGrid-root MuiGrid-container MuiGrid-spacing-xs-4 css-11nsb57-MuiGrid-root"
                    >
                      <div
                        class="MuiGrid-root MuiGrid-item MuiGrid-grid-xs-4 css-gj1fbr-MuiGrid-root"
                      >
                        <span
                          class="sc-hWWBcw bgxiOP"
                        >
                          <span
                            class="sc-jHbxoU jXqEsH"
                            data-cy="label-Need Adjudication"
                          >
                            Need Adjudication
                          </span>
                        </span>
                      </div>
                      <div
                        class="MuiGrid-root MuiGrid-container MuiGrid-item MuiGrid-spacing-xs-4 MuiGrid-grid-xs-4 css-1os70nx-MuiGrid-root"
                      >
                        <div
                          class="MuiGrid-root MuiGrid-item MuiGrid-grid-xs-6 css-1osj8n2-MuiGrid-root"
                        >
                          <span
                            class="sc-kuACkN cnKTty"
                            data-cy="percentage-Need Adjudication"
                          >
                            0.00
                            %
                          </span>
                        </div>
                        <div
                          class="MuiGrid-root MuiGrid-item MuiGrid-grid-xs-6 css-1osj8n2-MuiGrid-root"
                        >
                          <span
                            class="sc-hWWBcw bgxiOP"
                            data-cy="value-Need Adjudication"
                          >
                            (
                            0
                            )
                          </span>
                        </div>
                      </div>
                      <div
                        class="MuiGrid-root MuiGrid-container MuiGrid-item MuiGrid-spacing-xs-4 MuiGrid-grid-xs-4 css-1os70nx-MuiGrid-root"
                      >
                        <div
                          class="MuiGrid-root MuiGrid-item MuiGrid-grid-xs-6 css-1osj8n2-MuiGrid-root"
                        >
                          <span
                            class="sc-kuACkN cnKTty"
                            data-cy="percentage-Need Adjudication"
                          >
                            0.00
                            %
                          </span>
                        </div>
                        <div
                          class="MuiGrid-root MuiGrid-item MuiGrid-grid-xs-6 css-1osj8n2-MuiGrid-root"
                        >
                          <span
                            class="sc-hWWBcw bgxiOP"
                            data-cy="value-Need Adjudication"
                          >
                            (
                            0
                            )
                          </span>
                        </div>
                      </div>
                      <div
                        class="MuiGrid-root MuiGrid-container MuiGrid-item MuiGrid-spacing-xs-4 MuiGrid-grid-xs-4 css-1os70nx-MuiGrid-root"
                      >
                        <div
                          class="MuiGrid-root MuiGrid-item MuiGrid-grid-xs-6 css-1osj8n2-MuiGrid-root"
                        >
                          <span
                            class="sc-kuACkN cnKTty"
                            data-cy="percentage-Need Adjudication"
                          >
                            0.00
                            %
                          </span>
                        </div>
                        <div
                          class="MuiGrid-root MuiGrid-item MuiGrid-grid-xs-6 css-1osj8n2-MuiGrid-root"
                        >
                          <span
                            class="sc-hWWBcw bgxiOP"
                            data-cy="value-Need Adjudication"
                          >
                            (
                            0
                            )
                          </span>
                        </div>
                      </div>
                    </div>
                  </div>
                </div>
              </div>
            </div>
          </div>
        </div>
      </div>
    </div>
  </div>
</div>
`;
