// Jest Snapshot v1, https://goo.gl/fbAQLP

exports[`components/paymentmodule/EditPaymentPlanHeader should render 1`] = `
<div>
  <div
    class="sc-bxivhb ixnywI"
    data-cy="page-header-container"
  >
    <div
      class="sc-ifAKCX dWpFEd"
    >
      <div
        class="sc-gzVnrw btWNie"
      >
        <svg
          aria-hidden="true"
          class="MuiSvgIcon-root MuiSvgIcon-fontSizeLarge"
          focusable="false"
          viewBox="0 0 24 24"
        >
          <path
            d="M19 11H7.83l4.88-4.88c.39-.39.39-1.03 0-1.42a.9959.9959 0 00-1.41 0l-6.59 6.59c-.39.39-.39 1.02 0 1.41l6.59 6.59c.39.39 1.02.39 1.41 0 .39-.39.39-1.02 0-1.41L7.83 13H19c.55 0 1-.45 1-1s-.45-1-1-1z"
          />
        </svg>
      </div>
      <div
        class="sc-EHOje PMFav"
      >
        <div>
          <div
            class="sc-htpNat kquAIx"
          >
            <span
              class="sc-bwzfXH fNOhzS"
            >
              <a
                class="sc-bdVaJa eFfWno"
                href="/afghanistan/payment-module/payment-plans/UGF5bWVudFBsYW5Ob2RlOmE5YzJjMmM4LWJmYWUtNDBhMy05YmYwLWIxYWE1ZmRlMDE0YQ=="
              >
                Payment Module
              </a>
            </span>
          </div>
          <div
            class="MuiBox-root MuiBox-root-1"
          >
            <h5
              class="MuiTypography-root MuiTypography-h5"
            >
              <div
                class="MuiBox-root MuiBox-root-2"
              >
                Payment Plan
                 ID 
                PP-0060-22-00000001
                <div
                  class="sc-gqjmRU bKymfA"
                >
                  <div
                    class="sc-iwsKbI dUmvrG"
                  >
                    <div
                      class="sc-gZMcBi iKWapA"
                      data-cy="status-container"
                    >
                      In Authorization
                    </div>
                  </div>
                </div>
              </div>
            </h5>
            <div
              class="MuiBox-root MuiBox-root-3"
            />
          </div>
        </div>
        <div
          class="sc-bZQynM jdkaLI"
        >
          <div
            class="MuiBox-root MuiBox-root-4"
          >
            <div
              class="MuiBox-root MuiBox-root-5"
            >
              <a
                aria-disabled="false"
                class="MuiButtonBase-root MuiButton-root MuiButton-text"
                href="/afghanistan/payment-module/payment-plans/UGF5bWVudFBsYW5Ob2RlOmE5YzJjMmM4LWJmYWUtNDBhMy05YmYwLWIxYWE1ZmRlMDE0YQ=="
                role="button"
                tabindex="0"
              >
                <span
                  class="MuiButton-label"
                >
                  Cancel
                </span>
                <span
                  class="MuiTouchRipple-root"
                />
              </a>
            </div>
            <button
              class="MuiButtonBase-root MuiButton-root MuiButton-contained MuiButton-containedPrimary"
              tabindex="0"
              type="button"
            >
              <span
                class="MuiButton-label"
              >
                Save
              </span>
              <span
                class="MuiTouchRipple-root"
              />
            </button>
          </div>
        </div>
      </div>
    </div>
    <div
      class="sc-htoDjs hzwHVL"
    />
  </div>
</div>
`;
