// Jest Snapshot v1, https://goo.gl/fbAQLP

exports[`containers/tables/payments/VerificationRecordsTable should render loading 1`] = `
<div>
  <div
    class="sc-bdVaJa iMXEqU"
    data-cy="loading-container"
  >
    <div
      class="MuiCircularProgress-root MuiCircularProgress-colorPrimary MuiCircularProgress-indeterminate"
      role="progressbar"
      style="width: 40px; height: 40px;"
    >
      <svg
        class="MuiCircularProgress-svg"
        viewBox="22 22 44 44"
      >
        <circle
          class="MuiCircularProgress-circle MuiCircularProgress-circleIndeterminate"
          cx="44"
          cy="44"
          fill="none"
          r="20.2"
          stroke-width="3.6"
        />
      </svg>
    </div>
  </div>
</div>
`;

exports[`containers/tables/payments/VerificationRecordsTable should render with data 1`] = `
<div>
  <div
    class="makeStyles-root-1"
  >
    <div
      class="MuiPaper-root makeStyles-paper-2 MuiPaper-elevation1 MuiPaper-rounded"
    >
      <div
        class="MuiTableContainer-root"
      >
        <div
          class="MuiBox-root MuiBox-root-7"
        >
          <div
            class="MuiToolbar-root MuiToolbar-regular makeStyles-root-8 MuiToolbar-gutters"
          >
            <h6
              class="MuiTypography-root makeStyles-title-10 MuiTypography-h6"
              data-cy="table-title"
            >
              Verification Records
            </h6>
          </div>
          <div
            class="MuiBox-root MuiBox-root-11"
          />
        </div>
        <table
          aria-label="enhanced table"
          aria-labelledby="tableTitle"
          class="MuiTable-root makeStyles-table-3"
        >
          <thead
            class="MuiTableHead-root"
          >
            <tr
              class="MuiTableRow-root MuiTableRow-head"
            >
              <th
                class="MuiTableCell-root MuiTableCell-head MuiTableCell-alignLeft"
                scope="col"
              >
                <span
                  aria-disabled="false"
                  class="MuiButtonBase-root MuiTableSortLabel-root sc-bwzfXH ewWbE"
                  role="button"
                  tabindex="0"
                >
                  Payment ID
                  <svg
                    aria-hidden="true"
                    class="MuiSvgIcon-root MuiTableSortLabel-icon MuiTableSortLabel-iconDirectionAsc"
                    focusable="false"
                    viewBox="0 0 24 24"
                  >
                    <path
                      d="M20 12l-1.41-1.41L13 16.17V4h-2v12.17l-5.58-5.59L4 12l8 8 8-8z"
                    />
                  </svg>
                </span>
              </th>
              <th
                class="MuiTableCell-root MuiTableCell-head MuiTableCell-alignLeft"
                scope="col"
              >
                <span
                  aria-disabled="false"
                  class="MuiButtonBase-root MuiTableSortLabel-root sc-bwzfXH ewWbE"
                  role="button"
                  tabindex="0"
                >
                  Verification Channel
                  <svg
                    aria-hidden="true"
                    class="MuiSvgIcon-root MuiTableSortLabel-icon MuiTableSortLabel-iconDirectionAsc"
                    focusable="false"
                    viewBox="0 0 24 24"
                  >
                    <path
                      d="M20 12l-1.41-1.41L13 16.17V4h-2v12.17l-5.58-5.59L4 12l8 8 8-8z"
                    />
                  </svg>
                </span>
              </th>
              <th
                class="MuiTableCell-root MuiTableCell-head MuiTableCell-alignLeft"
                scope="col"
              >
                <span
                  aria-disabled="false"
                  class="MuiButtonBase-root MuiTableSortLabel-root sc-bwzfXH ewWbE"
                  role="button"
                  tabindex="0"
                >
                  Verification Plan Id
                  <svg
                    aria-hidden="true"
                    class="MuiSvgIcon-root MuiTableSortLabel-icon MuiTableSortLabel-iconDirectionAsc"
                    focusable="false"
                    viewBox="0 0 24 24"
                  >
                    <path
                      d="M20 12l-1.41-1.41L13 16.17V4h-2v12.17l-5.58-5.59L4 12l8 8 8-8z"
                    />
                  </svg>
                </span>
              </th>
              <th
                class="MuiTableCell-root MuiTableCell-head MuiTableCell-alignLeft"
                scope="col"
              >
                <span
                  aria-disabled="false"
                  class="MuiButtonBase-root MuiTableSortLabel-root sc-bwzfXH ewWbE"
                  role="button"
                  tabindex="0"
                >
                  Verification Status
                  <svg
                    aria-hidden="true"
                    class="MuiSvgIcon-root MuiTableSortLabel-icon MuiTableSortLabel-iconDirectionAsc"
                    focusable="false"
                    viewBox="0 0 24 24"
                  >
                    <path
                      d="M20 12l-1.41-1.41L13 16.17V4h-2v12.17l-5.58-5.59L4 12l8 8 8-8z"
                    />
                  </svg>
                </span>
              </th>
              <th
                class="MuiTableCell-root MuiTableCell-head MuiTableCell-alignLeft"
                scope="col"
              >
                <span
                  aria-disabled="false"
                  class="MuiButtonBase-root MuiTableSortLabel-root sc-bwzfXH ewWbE"
                  role="button"
                  tabindex="0"
                >
                  Head of Household
                  <svg
                    aria-hidden="true"
                    class="MuiSvgIcon-root MuiTableSortLabel-icon MuiTableSortLabel-iconDirectionAsc"
                    focusable="false"
                    viewBox="0 0 24 24"
                  >
                    <path
                      d="M20 12l-1.41-1.41L13 16.17V4h-2v12.17l-5.58-5.59L4 12l8 8 8-8z"
                    />
                  </svg>
                </span>
              </th>
              <th
                class="MuiTableCell-root MuiTableCell-head MuiTableCell-alignLeft"
                scope="col"
              >
                <span
                  aria-disabled="false"
                  class="MuiButtonBase-root MuiTableSortLabel-root sc-bwzfXH ewWbE"
                  role="button"
                  tabindex="0"
                >
                  Household ID
                  <svg
                    aria-hidden="true"
                    class="MuiSvgIcon-root MuiTableSortLabel-icon MuiTableSortLabel-iconDirectionAsc"
                    focusable="false"
                    viewBox="0 0 24 24"
                  >
                    <path
                      d="M20 12l-1.41-1.41L13 16.17V4h-2v12.17l-5.58-5.59L4 12l8 8 8-8z"
                    />
                  </svg>
                </span>
              </th>
              <th
                class="MuiTableCell-root MuiTableCell-head MuiTableCell-alignLeft"
                scope="col"
              >
                <span
                  aria-disabled="false"
                  class="MuiButtonBase-root MuiTableSortLabel-root sc-bwzfXH ewWbE"
                  role="button"
                  tabindex="0"
                >
                  Household Status
                  <svg
                    aria-hidden="true"
                    class="MuiSvgIcon-root MuiTableSortLabel-icon MuiTableSortLabel-iconDirectionAsc"
                    focusable="false"
                    viewBox="0 0 24 24"
                  >
                    <path
                      d="M20 12l-1.41-1.41L13 16.17V4h-2v12.17l-5.58-5.59L4 12l8 8 8-8z"
                    />
                  </svg>
                </span>
              </th>
              <th
                class="MuiTableCell-root MuiTableCell-head MuiTableCell-alignRight"
                scope="col"
              >
                <span
                  aria-disabled="false"
                  class="MuiButtonBase-root MuiTableSortLabel-root sc-bwzfXH ewWbE"
                  role="button"
                  tabindex="0"
                >
                  Delivered
                  <svg
                    aria-hidden="true"
                    class="MuiSvgIcon-root MuiTableSortLabel-icon MuiTableSortLabel-iconDirectionAsc"
                    focusable="false"
                    viewBox="0 0 24 24"
                  >
                    <path
                      d="M20 12l-1.41-1.41L13 16.17V4h-2v12.17l-5.58-5.59L4 12l8 8 8-8z"
                    />
                  </svg>
                </span>
              </th>
              <th
                class="MuiTableCell-root MuiTableCell-head MuiTableCell-alignRight"
                scope="col"
              >
                <span
                  aria-disabled="false"
                  class="MuiButtonBase-root MuiTableSortLabel-root sc-bwzfXH ewWbE"
                  role="button"
                  tabindex="0"
                >
                  Received
                  <svg
                    aria-hidden="true"
                    class="MuiSvgIcon-root MuiTableSortLabel-icon MuiTableSortLabel-iconDirectionAsc"
                    focusable="false"
                    viewBox="0 0 24 24"
                  >
                    <path
                      d="M20 12l-1.41-1.41L13 16.17V4h-2v12.17l-5.58-5.59L4 12l8 8 8-8z"
                    />
                  </svg>
                </span>
              </th>
              <th
                class="MuiTableCell-root MuiTableCell-head MuiTableCell-alignLeft"
                scope="col"
              >
                <span
                  aria-disabled="false"
                  class="MuiButtonBase-root MuiTableSortLabel-root sc-bwzfXH ewWbE"
                  role="button"
                  tabindex="0"
                >
                  Phone #
                  <svg
                    aria-hidden="true"
                    class="MuiSvgIcon-root MuiTableSortLabel-icon MuiTableSortLabel-iconDirectionAsc"
                    focusable="false"
                    viewBox="0 0 24 24"
                  >
                    <path
                      d="M20 12l-1.41-1.41L13 16.17V4h-2v12.17l-5.58-5.59L4 12l8 8 8-8z"
                    />
                  </svg>
                </span>
              </th>
              <th
                class="MuiTableCell-root MuiTableCell-head MuiTableCell-alignLeft"
                scope="col"
              >
                <span
                  aria-disabled="false"
                  class="MuiButtonBase-root MuiTableSortLabel-root sc-bwzfXH ewWbE"
                  role="button"
                  tabindex="0"
                >
                  Alt. Phone #
                  <svg
                    aria-hidden="true"
                    class="MuiSvgIcon-root MuiTableSortLabel-icon MuiTableSortLabel-iconDirectionAsc"
                    focusable="false"
                    viewBox="0 0 24 24"
                  >
                    <path
                      d="M20 12l-1.41-1.41L13 16.17V4h-2v12.17l-5.58-5.59L4 12l8 8 8-8z"
                    />
                  </svg>
                </span>
              </th>
            </tr>
          </thead>
          <tbody
            class="MuiTableBody-root"
          >
            <tr
              class="MuiTableRow-root MuiTableRow-hover"
              role="checkbox"
            >
              <td
                class="MuiTableCell-root MuiTableCell-body MuiTableCell-alignLeft"
              >
                <a
                  class="sc-bxivhb iRvpKE"
                  href="/afghanistan/verification-records/UGF5bWVudFZlcmlmaWNhdGlvbk5vZGU6NDYyODNkMTktMWJjMS00NjljLWI0Y2MtODQ5NjJlOGU0YTU5"
                >
                  RCPT-0060-22-0.000.005
                </a>
              </td>
              <td
                class="MuiTableCell-root MuiTableCell-body MuiTableCell-alignLeft"
              >
                RAPIDPRO
              </td>
              <td
                class="MuiTableCell-root MuiTableCell-body MuiTableCell-alignLeft"
              >
                PVP-1
              </td>
              <td
                class="MuiTableCell-root MuiTableCell-body MuiTableCell-alignLeft"
              >
                <div
                  class="sc-ifAKCX iPKgts"
                >
                  <div
                    class="sc-EHOje eEdtvm"
                    data-cy="status-container"
                  >
                    PENDING
                  </div>
                </div>
              </td>
              <td
                class="MuiTableCell-root MuiTableCell-body MuiTableCell-alignLeft"
              >
                HH-22-0000.0007
              </td>
              <td
                class="MuiTableCell-root MuiTableCell-body MuiTableCell-alignLeft"
              >
                <div
                  class="sc-ifAKCX iPKgts"
                >
                  <div
                    class="sc-EHOje eoikBB"
                    data-cy="status-container"
                  >
                    ACTIVE
                  </div>
                </div>
              </td>
              <td
                class="MuiTableCell-root MuiTableCell-body MuiTableCell-alignRight"
              >
                NOK 2,274.00
              </td>
              <td
                class="MuiTableCell-root MuiTableCell-body MuiTableCell-alignRight"
              >
                NOK 0.00
              </td>
              <td
                class="MuiTableCell-root MuiTableCell-body MuiTableCell-alignLeft"
              >
                +1 684 1511478743
              </td>
              <td
                class="MuiTableCell-root MuiTableCell-body MuiTableCell-alignLeft"
              >
                -
              </td>
            </tr>
            <tr
              class="MuiTableRow-root MuiTableRow-hover"
              role="checkbox"
            >
              <td
                class="MuiTableCell-root MuiTableCell-body MuiTableCell-alignLeft"
              >
                <a
                  class="sc-bxivhb iRvpKE"
                  href="/afghanistan/verification-records/UGF5bWVudFZlcmlmaWNhdGlvbk5vZGU6OGJkM2RlMjYtODZjMi00OTcyLTgyM2QtYWMyMjc5MDA4ZWNm"
                >
                  RCPT-0060-22-0.000.007
                </a>
              </td>
              <td
                class="MuiTableCell-root MuiTableCell-body MuiTableCell-alignLeft"
              >
                RAPIDPRO
              </td>
              <td
                class="MuiTableCell-root MuiTableCell-body MuiTableCell-alignLeft"
              >
                PVP-1
              </td>
              <td
                class="MuiTableCell-root MuiTableCell-body MuiTableCell-alignLeft"
              >
                <div
                  class="sc-ifAKCX iPKgts"
                >
                  <div
                    class="sc-EHOje eEdtvm"
                    data-cy="status-container"
                  >
                    PENDING
                  </div>
                </div>
              </td>
              <td
                class="MuiTableCell-root MuiTableCell-body MuiTableCell-alignLeft"
              >
                HH-22-0000.0009
              </td>
              <td
                class="MuiTableCell-root MuiTableCell-body MuiTableCell-alignLeft"
              >
                <div
                  class="sc-ifAKCX iPKgts"
                >
                  <div
                    class="sc-EHOje eoikBB"
                    data-cy="status-container"
                  >
                    ACTIVE
                  </div>
                </div>
              </td>
              <td
                class="MuiTableCell-root MuiTableCell-body MuiTableCell-alignRight"
              >
                BYR 5,526
              </td>
              <td
                class="MuiTableCell-root MuiTableCell-body MuiTableCell-alignRight"
              >
                BYR 0
              </td>
              <td
                class="MuiTableCell-root MuiTableCell-body MuiTableCell-alignLeft"
              >
                +993 0684121090
              </td>
              <td
                class="MuiTableCell-root MuiTableCell-body MuiTableCell-alignLeft"
              >
                -
              </td>
            </tr>
            <tr
              class="MuiTableRow-root MuiTableRow-hover"
              role="checkbox"
            >
              <td
                class="MuiTableCell-root MuiTableCell-body MuiTableCell-alignLeft"
              >
                <a
                  class="sc-bxivhb iRvpKE"
                  href="/afghanistan/verification-records/UGF5bWVudFZlcmlmaWNhdGlvbk5vZGU6OTEyNWIxYWMtY2Y2Zi00ZDg2LTk4OWEtNDFmMDlkZTg3ZTQ0"
                >
                  RCPT-0060-22-0.000.003
                </a>
              </td>
              <td
                class="MuiTableCell-root MuiTableCell-body MuiTableCell-alignLeft"
              >
                RAPIDPRO
              </td>
              <td
                class="MuiTableCell-root MuiTableCell-body MuiTableCell-alignLeft"
              >
                PVP-1
              </td>
              <td
                class="MuiTableCell-root MuiTableCell-body MuiTableCell-alignLeft"
              >
                <div
                  class="sc-ifAKCX iPKgts"
                >
                  <div
                    class="sc-EHOje eEdtvm"
                    data-cy="status-container"
                  >
                    PENDING
                  </div>
                </div>
              </td>
              <td
                class="MuiTableCell-root MuiTableCell-body MuiTableCell-alignLeft"
              >
                HH-22-0000.0005
              </td>
              <td
                class="MuiTableCell-root MuiTableCell-body MuiTableCell-alignLeft"
              >
                <div
                  class="sc-ifAKCX iPKgts"
                >
                  <div
                    class="sc-EHOje eoikBB"
                    data-cy="status-container"
                  >
                    ACTIVE
                  </div>
                </div>
              </td>
              <td
                class="MuiTableCell-root MuiTableCell-body MuiTableCell-alignRight"
              >
                SLL 1,877
              </td>
              <td
                class="MuiTableCell-root MuiTableCell-body MuiTableCell-alignRight"
              >
                SLL 0
              </td>
              <td
                class="MuiTableCell-root MuiTableCell-body MuiTableCell-alignLeft"
              >
                +232 5632769040
              </td>
              <td
                class="MuiTableCell-root MuiTableCell-body MuiTableCell-alignLeft"
              >
                -
              </td>
            </tr>
            <tr
              class="MuiTableRow-root MuiTableRow-hover"
              role="checkbox"
            >
              <td
                class="MuiTableCell-root MuiTableCell-body MuiTableCell-alignLeft"
              >
                <a
                  class="sc-bxivhb iRvpKE"
                  href="/afghanistan/verification-records/UGF5bWVudFZlcmlmaWNhdGlvbk5vZGU6ZDFhNTUxZGMtNjcyMi00ZmNiLTk5NjQtN2Q4MTg5MWJjYzY1"
                >
                  RCPT-0060-22-0.000.004
                </a>
              </td>
              <td
                class="MuiTableCell-root MuiTableCell-body MuiTableCell-alignLeft"
              >
                RAPIDPRO
              </td>
              <td
                class="MuiTableCell-root MuiTableCell-body MuiTableCell-alignLeft"
              >
                PVP-1
              </td>
              <td
                class="MuiTableCell-root MuiTableCell-body MuiTableCell-alignLeft"
              >
                <div
                  class="sc-ifAKCX iPKgts"
                >
                  <div
                    class="sc-EHOje eEdtvm"
                    data-cy="status-container"
                  >
                    PENDING
                  </div>
                </div>
              </td>
              <td
                class="MuiTableCell-root MuiTableCell-body MuiTableCell-alignLeft"
              >
                HH-22-0000.0006
              </td>
              <td
                class="MuiTableCell-root MuiTableCell-body MuiTableCell-alignLeft"
              >
                <div
                  class="sc-ifAKCX iPKgts"
                >
                  <div
                    class="sc-EHOje eoikBB"
                    data-cy="status-container"
                  >
                    ACTIVE
                  </div>
                </div>
              </td>
              <td
                class="MuiTableCell-root MuiTableCell-body MuiTableCell-alignRight"
              >
                BWP 1,156.00
              </td>
              <td
                class="MuiTableCell-root MuiTableCell-body MuiTableCell-alignRight"
              >
                BWP 0.00
              </td>
              <td
                class="MuiTableCell-root MuiTableCell-body MuiTableCell-alignLeft"
              >
                +965 0452689882
              </td>
              <td
                class="MuiTableCell-root MuiTableCell-body MuiTableCell-alignLeft"
              >
                -
              </td>
            </tr>
            <tr
              class="MuiTableRow-root MuiTableRow-hover"
              role="checkbox"
            >
              <td
                class="MuiTableCell-root MuiTableCell-body MuiTableCell-alignLeft"
              >
                <a
                  class="sc-bxivhb iRvpKE"
                  href="/afghanistan/verification-records/UGF5bWVudFZlcmlmaWNhdGlvbk5vZGU6ZWMxMDgzODktM2UzZS00NmZlLThmMDItNmRmMjBjM2M0YjBl"
                >
                  RCPT-0060-22-0.000.006
                </a>
              </td>
              <td
                class="MuiTableCell-root MuiTableCell-body MuiTableCell-alignLeft"
              >
                RAPIDPRO
              </td>
              <td
                class="MuiTableCell-root MuiTableCell-body MuiTableCell-alignLeft"
              >
                PVP-1
              </td>
              <td
                class="MuiTableCell-root MuiTableCell-body MuiTableCell-alignLeft"
              >
                <div
                  class="sc-ifAKCX iPKgts"
                >
                  <div
                    class="sc-EHOje eEdtvm"
                    data-cy="status-container"
                  >
                    PENDING
                  </div>
                </div>
              </td>
              <td
                class="MuiTableCell-root MuiTableCell-body MuiTableCell-alignLeft"
              >
                HH-22-0000.0008
              </td>
              <td
                class="MuiTableCell-root MuiTableCell-body MuiTableCell-alignLeft"
              >
                <div
                  class="sc-ifAKCX iPKgts"
                >
                  <div
                    class="sc-EHOje eoikBB"
                    data-cy="status-container"
                  >
                    ACTIVE
                  </div>
                </div>
              </td>
              <td
                class="MuiTableCell-root MuiTableCell-body MuiTableCell-alignRight"
              >
                YER 974
              </td>
              <td
                class="MuiTableCell-root MuiTableCell-body MuiTableCell-alignRight"
              >
                YER 0
              </td>
              <td
                class="MuiTableCell-root MuiTableCell-body MuiTableCell-alignLeft"
              >
                +1 441 4461030202
              </td>
              <td
                class="MuiTableCell-root MuiTableCell-body MuiTableCell-alignLeft"
              >
                -
              </td>
            </tr>
            <tr
              class="MuiTableRow-root"
              style="height: 162px;"
            >
              <td
                class="MuiTableCell-root MuiTableCell-body"
                colspan="11"
              />
            </tr>
          </tbody>
        </table>
      </div>
      <div
        class="MuiTablePagination-root"
      >
        <div
          class="MuiToolbar-root MuiToolbar-regular MuiTablePagination-toolbar MuiToolbar-gutters"
        >
          <div
            class="MuiTablePagination-spacer"
          />
          <p
            class="MuiTypography-root MuiTablePagination-caption MuiTypography-body2 MuiTypography-colorInherit"
            id="mui-5806"
          >
            Rows per page:
          </p>
          <div
            class="MuiInputBase-root MuiTablePagination-input MuiTablePagination-selectRoot"
          >
            <div
              aria-haspopup="listbox"
              aria-labelledby="mui-5806 mui-73230"
              class="MuiSelect-root MuiSelect-select MuiTablePagination-select MuiSelect-selectMenu MuiInputBase-input"
              id="mui-73230"
              role="button"
              tabindex="0"
            >
              5
            </div>
            <input
              aria-hidden="true"
              class="MuiSelect-nativeInput"
              tabindex="-1"
              value="5"
            />
            <svg
              aria-hidden="true"
              class="MuiSvgIcon-root MuiSelect-icon MuiTablePagination-selectIcon"
              focusable="false"
              viewBox="0 0 24 24"
            >
              <path
                d="M7 10l5 5 5-5z"
              />
            </svg>
          </div>
          <p
            class="MuiTypography-root MuiTablePagination-caption MuiTypography-body2 MuiTypography-colorInherit"
          >
            1-2 of 2
          </p>
          <div
            class="MuiTablePagination-actions"
          >
            <button
              aria-label="Previous page"
              class="MuiButtonBase-root MuiIconButton-root MuiIconButton-colorInherit Mui-disabled Mui-disabled"
              disabled=""
              tabindex="-1"
              title="Previous page"
              type="button"
            >
              <span
                class="MuiIconButton-label"
              >
                <svg
                  aria-hidden="true"
                  class="MuiSvgIcon-root"
                  focusable="false"
                  viewBox="0 0 24 24"
                >
                  <path
                    d="M15.41 16.09l-4.58-4.59 4.58-4.59L14 5.5l-6 6 6 6z"
                  />
                </svg>
              </span>
            </button>
            <button
              aria-label="Next page"
              class="MuiButtonBase-root MuiIconButton-root MuiIconButton-colorInherit Mui-disabled Mui-disabled"
              disabled=""
              tabindex="-1"
              title="Next page"
              type="button"
            >
              <span
                class="MuiIconButton-label"
              >
                <svg
                  aria-hidden="true"
                  class="MuiSvgIcon-root"
                  focusable="false"
                  viewBox="0 0 24 24"
                >
                  <path
                    d="M8.59 16.34l4.58-4.59-4.58-4.59L10 5.75l6 6-6 6z"
                  />
                </svg>
              </span>
            </button>
          </div>
        </div>
      </div>
    </div>
  </div>
</div>
`;
