// Jest Snapshot v1, https://goo.gl/fbAQLP

exports[`components/tables/population/HouseholdIndividualsTable should render 1`] = `
<div>
  <div
    class="makeStyles-root-1"
  >
    <div
      class="MuiPaper-root makeStyles-paper-2 MuiPaper-elevation1 MuiPaper-rounded"
    >
      <div
        class="MuiTableContainer-root"
      >
        <div
          class="MuiBox-root MuiBox-root-7"
        >
          <div
            class="MuiToolbar-root MuiToolbar-regular makeStyles-root-8 MuiToolbar-gutters"
          >
            <h6
              class="MuiTypography-root makeStyles-title-10 MuiTypography-h6"
              data-cy="table-title"
            >
              Individuals in Household
            </h6>
          </div>
          <div
            class="MuiBox-root MuiBox-root-11"
          />
        </div>
        <table
          aria-label="enhanced table"
          aria-labelledby="tableTitle"
          class="MuiTable-root makeStyles-table-3"
          data-cy="table-title"
        >
          <thead
            class="MuiTableHead-root"
          >
            <tr
              class="MuiTableRow-root MuiTableRow-head"
            >
              <th
                class="MuiTableCell-root MuiTableCell-head MuiTableCell-alignLeft"
                scope="col"
              >
                <span
                  class="sc-EHOje hUWbrG"
                  data-cy="table-label"
                >
                  Individual ID
                </span>
              </th>
              <th
                class="MuiTableCell-root MuiTableCell-head MuiTableCell-alignLeft"
                scope="col"
              >
                <span
                  class="sc-EHOje hUWbrG"
                  data-cy="table-label"
                >
                  Individual
                </span>
              </th>
              <th
                class="MuiTableCell-root MuiTableCell-head MuiTableCell-alignLeft"
                scope="col"
              >
                <span
                  class="sc-EHOje hUWbrG"
                  data-cy="table-label"
                >
                  Status
                </span>
              </th>
              <th
                class="MuiTableCell-root MuiTableCell-head MuiTableCell-alignLeft"
                scope="col"
              >
                <span
                  class="sc-EHOje hUWbrG"
                  data-cy="table-label"
                >
                  Role
                </span>
              </th>
              <th
                class="MuiTableCell-root MuiTableCell-head MuiTableCell-alignLeft"
                scope="col"
              >
                <span
                  class="sc-EHOje hUWbrG"
                  data-cy="table-label"
                >
                  Relationship to HoH
                </span>
              </th>
              <th
                class="MuiTableCell-root MuiTableCell-head MuiTableCell-alignRight"
                scope="col"
              >
                <span
                  class="sc-EHOje hUWbrG"
                  data-cy="table-label"
                >
                  Date of Birth
                </span>
              </th>
              <th
                class="MuiTableCell-root MuiTableCell-head MuiTableCell-alignLeft"
                scope="col"
              >
                <span
                  class="sc-EHOje hUWbrG"
                  data-cy="table-label"
                >
                  Gender
                </span>
              </th>
            </tr>
          </thead>
          <tbody
            class="MuiTableBody-root"
          >
            <tr
              class="MuiTableRow-root sc-bxivhb ksDfcC MuiTableRow-hover"
              role="checkbox"
            >
              <td
                class="MuiTableCell-root MuiTableCell-body MuiTableCell-alignLeft"
              >
                <a
                  class="sc-bdVaJa hWuxQp"
                  href="/afghanistan/programs/UHJvZ3JhbU5vZGU6YzRkNTY1N2QtMWEyOS00NmUxLTgxOTAtZGY3Zjg1YTBkMmVm/population/individuals/SW5kaXZpZHVhbE5vZGU6MDgyMTk0ZjctMWEwMS00MDIwLWEzNTgtOTI0ZDkyODM1N2Yz"
                >
                  IND-69-0000.4236
                </a>
              </td>
              <td
                class="MuiTableCell-root MuiTableCell-body MuiTableCell-alignLeft"
              >
                Friedrich Hayek
              </td>
              <td
                class="MuiTableCell-root MuiTableCell-body MuiTableCell-alignLeft"
              >
                <div
                  class="sc-bwzfXH jDYBWd"
                >
                  <div
                    class="sc-htpNat dNIAUP"
                    data-cy="status-container"
                  >
                    ACTIVE
                  </div>
                </div>
              </td>
              <td
                class="MuiTableCell-root MuiTableCell-body MuiTableCell-alignLeft"
              >
                Alternate collector
              </td>
              <td
                class="MuiTableCell-root MuiTableCell-body MuiTableCell-alignLeft"
              >
                Wife / Husband
              </td>
              <td
                class="MuiTableCell-root MuiTableCell-body MuiTableCell-alignLeft"
              >
                <time
                  datetime="-118108800000"
                >
                  5 Apr 1966
                </time>
              </td>
              <td
                class="MuiTableCell-root MuiTableCell-body MuiTableCell-alignLeft"
              >
                Male
              </td>
            </tr>
            <tr
              class="MuiTableRow-root sc-bxivhb ksDfcC MuiTableRow-hover"
              role="checkbox"
            >
              <td
                class="MuiTableCell-root MuiTableCell-body MuiTableCell-alignLeft"
              >
                <a
                  class="sc-bdVaJa hWuxQp"
                  href="/afghanistan/programs/UHJvZ3JhbU5vZGU6YzRkNTY1N2QtMWEyOS00NmUxLTgxOTAtZGY3Zjg1YTBkMmVm/population/individuals/SW5kaXZpZHVhbE5vZGU6YWNmYWUyZDItOWNjOS00NDI2LWE2N2YtYTA5Mjk5MDE1ODA3"
                >
                  IND-74-0000.4237
                </a>
              </td>
              <td
                class="MuiTableCell-root MuiTableCell-body MuiTableCell-alignLeft"
              >
                Milton Friedman
              </td>
              <td
                class="MuiTableCell-root MuiTableCell-body MuiTableCell-alignLeft"
              >
                <div
                  class="sc-bwzfXH jDYBWd"
                >
                  <div
                    class="sc-htpNat dNIAUP"
                    data-cy="status-container"
                  >
                    ACTIVE
                  </div>
                </div>
              </td>
              <td
                class="MuiTableCell-root MuiTableCell-body MuiTableCell-alignLeft"
              >
                Primary collector
              </td>
              <td
                class="MuiTableCell-root MuiTableCell-body MuiTableCell-alignLeft"
              >
                Head of household (self)
              </td>
              <td
                class="MuiTableCell-root MuiTableCell-body MuiTableCell-alignLeft"
              >
                <time
                  datetime="-470534400000"
                >
                  3 Feb 1955
                </time>
              </td>
              <td
                class="MuiTableCell-root MuiTableCell-body MuiTableCell-alignLeft"
              >
                Male
              </td>
            </tr>
            <tr
              class="MuiTableRow-root sc-bxivhb ksDfcC MuiTableRow-hover"
              role="checkbox"
            >
              <td
                class="MuiTableCell-root MuiTableCell-body MuiTableCell-alignLeft"
              >
                <a
                  class="sc-bdVaJa hWuxQp"
                  href="/afghanistan/programs/UHJvZ3JhbU5vZGU6YzRkNTY1N2QtMWEyOS00NmUxLTgxOTAtZGY3Zjg1YTBkMmVm/population/individuals/SW5kaXZpZHVhbE5vZGU6ZmU4MGI4YmUtYTIzNS00ODRjLWI5YTAtYTllY2FjY2JkMzgz"
                >
                  IND-88-0000.4238
                </a>
              </td>
              <td
                class="MuiTableCell-root MuiTableCell-body MuiTableCell-alignLeft"
              >
                Ludwig Mises
              </td>
              <td
                class="MuiTableCell-root MuiTableCell-body MuiTableCell-alignLeft"
              >
                <div
                  class="sc-bwzfXH jDYBWd"
                >
                  <div
                    class="sc-htpNat dNIAUP"
                    data-cy="status-container"
                  >
                    ACTIVE
                  </div>
                </div>
              </td>
              <td
                class="MuiTableCell-root MuiTableCell-body MuiTableCell-alignLeft"
              >
                None
              </td>
              <td
                class="MuiTableCell-root MuiTableCell-body MuiTableCell-alignLeft"
              >
                Brother / Sister
              </td>
              <td
                class="MuiTableCell-root MuiTableCell-body MuiTableCell-alignLeft"
              >
                <time
                  datetime="223344000000"
                >
                  29 Jan 1977
                </time>
              </td>
              <td
                class="MuiTableCell-root MuiTableCell-body MuiTableCell-alignLeft"
              >
                Male
              </td>
            </tr>
            <tr
              class="MuiTableRow-root sc-bxivhb ksDfcC MuiTableRow-hover"
              role="checkbox"
            >
              <td
                class="MuiTableCell-root MuiTableCell-body MuiTableCell-alignLeft"
              >
                <a
                  class="sc-bdVaJa hWuxQp"
                  href="/afghanistan/programs/UHJvZ3JhbU5vZGU6YzRkNTY1N2QtMWEyOS00NmUxLTgxOTAtZGY3Zjg1YTBkMmVm/population/individuals/SW5kaXZpZHVhbE5vZGU6ZTE2ZDYwODgtY2QzMC00M2Q5LThmMzktYWNmYTE0MmFmNzE3"
                >
                  IND-88-0000.4239
                </a>
              </td>
              <td
                class="MuiTableCell-root MuiTableCell-body MuiTableCell-alignLeft"
              >
                Henry Hazzlit
              </td>
              <td
                class="MuiTableCell-root MuiTableCell-body MuiTableCell-alignLeft"
              >
                <div
                  class="sc-bwzfXH jDYBWd"
                >
                  <div
                    class="sc-htpNat dNIAUP"
                    data-cy="status-container"
                  >
                    ACTIVE
                  </div>
                </div>
              </td>
              <td
                class="MuiTableCell-root MuiTableCell-body MuiTableCell-alignLeft"
              >
                None
              </td>
              <td
                class="MuiTableCell-root MuiTableCell-body MuiTableCell-alignLeft"
              >
                Cousin
              </td>
              <td
                class="MuiTableCell-root MuiTableCell-body MuiTableCell-alignLeft"
              >
                <time
                  datetime="503193600000"
                >
                  12 Dec 1985
                </time>
              </td>
              <td
                class="MuiTableCell-root MuiTableCell-body MuiTableCell-alignLeft"
              >
                Male
              </td>
            </tr>
          </tbody>
        </table>
      </div>
      <div
        class="MuiTablePagination-root"
        data-cy="table-pagination"
      >
        <div
          class="MuiToolbar-root MuiToolbar-regular MuiTablePagination-toolbar MuiToolbar-gutters"
        >
          <div
            class="MuiTablePagination-spacer"
          />
          <p
            class="MuiTypography-root MuiTablePagination-caption MuiTypography-body2 MuiTypography-colorInherit"
          >
            1-4 of 4
          </p>
          <div
            class="MuiTablePagination-actions"
          >
            <button
              aria-label="Previous page"
              class="MuiButtonBase-root MuiIconButton-root MuiIconButton-colorInherit Mui-disabled Mui-disabled"
              disabled=""
              tabindex="-1"
              title="Previous page"
              type="button"
            >
              <span
                class="MuiIconButton-label"
              >
                <svg
                  aria-hidden="true"
                  class="MuiSvgIcon-root"
                  focusable="false"
                  viewBox="0 0 24 24"
                >
                  <path
                    d="M15.41 16.09l-4.58-4.59 4.58-4.59L14 5.5l-6 6 6 6z"
                  />
                </svg>
              </span>
            </button>
            <button
              aria-label="Next page"
              class="MuiButtonBase-root MuiIconButton-root MuiIconButton-colorInherit Mui-disabled Mui-disabled"
              disabled=""
              tabindex="-1"
              title="Next page"
              type="button"
            >
              <span
                class="MuiIconButton-label"
              >
                <svg
                  aria-hidden="true"
                  class="MuiSvgIcon-root"
                  focusable="false"
                  viewBox="0 0 24 24"
                >
                  <path
                    d="M8.59 16.34l4.58-4.59-4.58-4.59L10 5.75l6 6-6 6z"
                  />
                </svg>
              </span>
            </button>
          </div>
        </div>
      </div>
    </div>
  </div>
</div>
`;
