// Jest Snapshot v1, https://goo.gl/fbAQLP

exports[`components/dashboard/GrievancesSection should render 1`] = `
<div>
  <div
    class="MuiPaper-root MuiPaper-elevation MuiPaper-rounded MuiPaper-elevation1 sc-blHHSb gWCsLz css-1ps6pg7-MuiPaper-root"
  >
    <div
      class="MuiBox-root css-i3pbo"
    >
      Grievances and Feedback
    </div>
    <div
      class="MuiGrid-root MuiGrid-container MuiGrid-spacing-xs-3 css-acctgf-MuiGrid-root"
    >
      <div
        class="MuiGrid-root MuiGrid-item MuiGrid-grid-xs-6 css-1osj8n2-MuiGrid-root"
      >
        <div
          class="sc-gtLWhw BkKdc"
        >
          TOTAL NUMBER OF GRIEVANCES
        </div>
        <span
          class="MuiTypography-root MuiTypography-caption css-1sn4lm3-MuiTypography-root"
          data-cy="total-number-of-grievances"
        >
          3
        </span>
      </div>
      <div
        class="MuiGrid-root MuiGrid-item MuiGrid-grid-xs-6 css-1osj8n2-MuiGrid-root"
      >
        <div
          class="sc-gtLWhw BkKdc"
        >
          TOTAL NUMBER OF FEEDBACK
        </div>
        <span
          class="MuiTypography-root MuiTypography-caption css-1sn4lm3-MuiTypography-root"
          data-cy="total-number-of-feedback"
        >
          0
        </span>
      </div>
    </div>
    <div
      class="MuiBox-root css-1xrvl2k"
    >
      <canvas
        height="0"
        role="img"
        style="display: block; box-sizing: border-box; height: 0px; width: 0px;"
        width="0"
      />
    </div>
    <div
      class="sc-gtLWhw BkKdc"
    >
      NUMBER OF OPEN SENSITIVE GRIEVANCES
    </div>
    <span
      class="MuiTypography-root MuiTypography-caption css-1sn4lm3-MuiTypography-root"
    >
      0
    </span>
  </div>
</div>
`;
